Component: ARM Compiler 5.05 update 1 (build 106) Tool: armlink [4d0efa]

==============================================================================

Section Cross References

    startup_stm32f030xc.o(RESET) refers to startup_stm32f030xc.o(STACK) for __initial_sp
    startup_stm32f030xc.o(RESET) refers to startup_stm32f030xc.o(.text) for Reset_Handler
    startup_stm32f030xc.o(RESET) refers to stm32f0xx_it.o(i.NMI_Handler) for NMI_Handler
    startup_stm32f030xc.o(RESET) refers to stm32f0xx_it.o(i.HardFault_Handler) for HardFault_Handler
    startup_stm32f030xc.o(RESET) refers to stm32f0xx_it.o(i.SVC_Handler) for SVC_Handler
    startup_stm32f030xc.o(RESET) refers to stm32f0xx_it.o(i.PendSV_Handler) for PendSV_Handler
    startup_stm32f030xc.o(RESET) refers to stm32f0xx_it.o(i.SysTick_Handler) for SysTick_Handler
    startup_stm32f030xc.o(.text) refers to system_stm32f0xx.o(i.SystemInit) for SystemInit
    startup_stm32f030xc.o(.text) refers to entry.o(.ARM.Collect$$$$00000000) for __main
    os_core.o(i.OSInit) refers to os_cpu_c_1.o(i.OSInitHookBegin) for OSInitHookBegin
    os_core.o(i.OSInit) refers to os_core.o(i.OS_InitMisc) for OS_InitMisc
    os_core.o(i.OSInit) refers to os_core.o(i.OS_InitRdyList) for OS_InitRdyList
    os_core.o(i.OSInit) refers to os_core.o(i.OS_InitTCBList) for OS_InitTCBList
    os_core.o(i.OSInit) refers to os_core.o(i.OS_InitEventList) for OS_InitEventList
    os_core.o(i.OSInit) refers to os_core.o(i.OS_InitTaskIdle) for OS_InitTaskIdle
    os_core.o(i.OSInit) refers to os_core.o(i.OS_InitTaskStat) for OS_InitTaskStat
    os_core.o(i.OSInit) refers to os_cpu_c_1.o(i.OSInitHookEnd) for OSInitHookEnd
    os_core.o(i.OSIntEnter) refers to os_core.o(.data) for OSRunning
    os_core.o(i.OSIntExit) refers to os_cpu_a.o(.text) for OS_CPU_SR_Save
    os_core.o(i.OSIntExit) refers to os_core.o(i.OS_SchedNew) for OS_SchedNew
    os_core.o(i.OSIntExit) refers to os_core.o(.data) for OSRunning
    os_core.o(i.OSIntExit) refers to os_core.o(.bss) for OSTCBPrioTbl
    os_core.o(i.OSSchedLock) refers to os_cpu_a.o(.text) for OS_CPU_SR_Save
    os_core.o(i.OSSchedLock) refers to os_core.o(.data) for OSRunning
    os_core.o(i.OSSchedUnlock) refers to os_cpu_a.o(.text) for OS_CPU_SR_Save
    os_core.o(i.OSSchedUnlock) refers to os_core.o(i.OS_Sched) for OS_Sched
    os_core.o(i.OSSchedUnlock) refers to os_core.o(.data) for OSRunning
    os_core.o(i.OSStart) refers to os_core.o(i.OS_SchedNew) for OS_SchedNew
    os_core.o(i.OSStart) refers to os_cpu_a.o(.text) for OSStartHighRdy
    os_core.o(i.OSStart) refers to os_core.o(.data) for OSRunning
    os_core.o(i.OSStart) refers to os_core.o(.bss) for OSTCBPrioTbl
    os_core.o(i.OSStatInit) refers to os_time.o(i.OSTimeDly) for OSTimeDly
    os_core.o(i.OSStatInit) refers to os_cpu_a.o(.text) for OS_CPU_SR_Save
    os_core.o(i.OSStatInit) refers to os_core.o(.data) for OSIdleCtr
    os_core.o(i.OSTimeTick) refers to os_cpu_c_1.o(i.OSTimeTickHook) for OSTimeTickHook
    os_core.o(i.OSTimeTick) refers to os_cpu_a.o(.text) for OS_CPU_SR_Save
    os_core.o(i.OSTimeTick) refers to os_core.o(.data) for OSTime
    os_core.o(i.OS_EventTaskRdy) refers to os_core.o(i.OS_EventTaskRemove) for OS_EventTaskRemove
    os_core.o(i.OS_EventTaskRdy) refers to os_core.o(.constdata) for OSUnMapTbl
    os_core.o(i.OS_EventTaskRdy) refers to os_core.o(.bss) for OSTCBPrioTbl
    os_core.o(i.OS_EventTaskRdy) refers to os_core.o(.data) for OSRdyGrp
    os_core.o(i.OS_EventTaskWait) refers to os_core.o(.data) for OSTCBCur
    os_core.o(i.OS_InitEventList) refers to os_core.o(i.OS_MemClr) for OS_MemClr
    os_core.o(i.OS_InitEventList) refers to os_core.o(.bss) for OSEventTbl
    os_core.o(i.OS_InitEventList) refers to os_core.o(.data) for OSEventFreeList
    os_core.o(i.OS_InitMisc) refers to os_core.o(.data) for OSTime
    os_core.o(i.OS_InitRdyList) refers to os_core.o(.data) for OSRdyGrp
    os_core.o(i.OS_InitTCBList) refers to os_core.o(i.OS_MemClr) for OS_MemClr
    os_core.o(i.OS_InitTCBList) refers to os_core.o(.bss) for OSTCBTbl
    os_core.o(i.OS_InitTCBList) refers to os_core.o(.data) for OSTCBList
    os_core.o(i.OS_InitTaskIdle) refers to os_task.o(i.OSTaskCreateExt) for OSTaskCreateExt
    os_core.o(i.OS_InitTaskIdle) refers to os_task.o(i.OSTaskNameSet) for OSTaskNameSet
    os_core.o(i.OS_InitTaskIdle) refers to os_core.o(.bss) for OSTaskIdleStk
    os_core.o(i.OS_InitTaskIdle) refers to os_core.o(i.OS_TaskIdle) for OS_TaskIdle
    os_core.o(i.OS_InitTaskStat) refers to os_task.o(i.OSTaskCreateExt) for OSTaskCreateExt
    os_core.o(i.OS_InitTaskStat) refers to os_task.o(i.OSTaskNameSet) for OSTaskNameSet
    os_core.o(i.OS_InitTaskStat) refers to os_core.o(.bss) for OSTaskStatStk
    os_core.o(i.OS_InitTaskStat) refers to os_core.o(i.OS_TaskStat) for OS_TaskStat
    os_core.o(i.OS_Sched) refers to os_cpu_a.o(.text) for OS_CPU_SR_Save
    os_core.o(i.OS_Sched) refers to os_core.o(i.OS_SchedNew) for OS_SchedNew
[...]
    stm32f0xx_hal_i2c.o(i.HAL_I2C_Mem_Read) refers to stm32f0xx_hal_i2c.o(i.I2C_WaitOnSTOPFlagUntilTimeout) for I2C_WaitOnSTOPFlagUntilTimeout
    stm32f0xx_hal_i2c.o(i.HAL_I2C_Mem_Read_DMA) refers to main.o(i.assert_failed) for assert_failed
    stm32f0xx_hal_i2c.o(i.HAL_I2C_Mem_Read_DMA) refers to stm32f0xx_hal.o(i.HAL_GetTick) for HAL_GetTick
    stm32f0xx_hal_i2c.o(i.HAL_I2C_Mem_Read_DMA) refers to stm32f0xx_hal_i2c.o(i.I2C_RequestMemoryRead) for I2C_RequestMemoryRead
    stm32f0xx_hal_i2c.o(i.HAL_I2C_Mem_Read_DMA) refers to stm32f0xx_hal_dma.o(i.HAL_DMA_Start_IT) for HAL_DMA_Start_IT
    stm32f0xx_hal_i2c.o(i.HAL_I2C_Mem_Read_DMA) refers to stm32f0xx_hal_i2c.o(i.I2C_TransferConfig) for I2C_TransferConfig
    stm32f0xx_hal_i2c.o(i.HAL_I2C_Mem_Read_DMA) refers to stm32f0xx_hal_i2c.o(i.I2C_Enable_IRQ) for I2C_Enable_IRQ
    stm32f0xx_hal_i2c.o(i.HAL_I2C_Mem_Read_DMA) refers to stm32f0xx_hal_i2c.o(i.I2C_Master_ISR_DMA) for I2C_Master_ISR_DMA
    stm32f0xx_hal_i2c.o(i.HAL_I2C_Mem_Read_DMA) refers to stm32f0xx_hal_i2c.o(i.I2C_DMAMasterReceiveCplt) for I2C_DMAMasterReceiveCplt
    stm32f0xx_hal_i2c.o(i.HAL_I2C_Mem_Read_DMA) refers to stm32f0xx_hal_i2c.o(i.I2C_DMAError) for I2C_DMAError
    stm32f0xx_hal_i2c.o(i.HAL_I2C_Mem_Read_IT) refers to main.o(i.assert_failed) for assert_failed
    stm32f0xx_hal_i2c.o(i.HAL_I2C_Mem_Read_IT) refers to stm32f0xx_hal.o(i.HAL_GetTick) for HAL_GetTick
    stm32f0xx_hal_i2c.o(i.HAL_I2C_Mem_Read_IT) refers to stm32f0xx_hal_i2c.o(i.I2C_RequestMemoryRead) for I2C_RequestMemoryRead
    stm32f0xx_hal_i2c.o(i.HAL_I2C_Mem_Read_IT) refers to stm32f0xx_hal_i2c.o(i.I2C_TransferConfig) for I2C_TransferConfig
    stm32f0xx_hal_i2c.o(i.HAL_I2C_Mem_Read_IT) refers to stm32f0xx_hal_i2c.o(i.I2C_Enable_IRQ) for I2C_Enable_IRQ
    stm32f0xx_hal_i2c.o(i.HAL_I2C_Mem_Read_IT) refers to stm32f0xx_hal_i2c.o(i.I2C_Master_ISR_IT) for I2C_Master_ISR_IT
    stm32f0xx_hal_i2c.o(i.HAL_I2C_Mem_Write) refers to main.o(i.assert_failed) for assert_failed
    stm32f0xx_hal_i2c.o(i.HAL_I2C_Mem_Write) refers to stm32f0xx_hal.o(i.HAL_GetTick) for HAL_GetTick
    stm32f0xx_hal_i2c.o(i.HAL_I2C_Mem_Write) refers to stm32f0xx_hal_i2c.o(i.I2C_WaitOnFlagUntilTimeout) for I2C_WaitOnFlagUntilTimeout
    stm32f0xx_hal_i2c.o(i.HAL_I2C_Mem_Write) refers to stm32f0xx_hal_i2c.o(i.I2C_RequestMemoryWrite) for I2C_RequestMemoryWrite
    stm32f0xx_hal_i2c.o(i.HAL_I2C_Mem_Write) refers to stm32f0xx_hal_i2c.o(i.I2C_TransferConfig) for I2C_TransferConfig
    stm32f0xx_hal_i2c.o(i.HAL_I2C_Mem_Write) refers to stm32f0xx_hal_i2c.o(i.I2C_WaitOnTXISFlagUntilTimeout) for I2C_WaitOnTXISFlagUntilTimeout
    stm32f0xx_hal_i2c.o(i.HAL_I2C_Mem_Write) refers to stm32f0xx_hal_i2c.o(i.I2C_WaitOnSTOPFlagUntilTimeout) for I2C_WaitOnSTOPFlagUntilTimeout
    stm32f0xx_hal_i2c.o(i.HAL_I2C_Mem_Write_DMA) refers to main.o(i.assert_failed) for assert_failed
    stm32f0xx_hal_i2c.o(i.HAL_I2C_Mem_Write_DMA) refers to stm32f0xx_hal.o(i.HAL_GetTick) for HAL_GetTick
    stm32f0xx_hal_i2c.o(i.HAL_I2C_Mem_Write_DMA) refers to stm32f0xx_hal_i2c.o(i.I2C_RequestMemoryWrite) for I2C_RequestMemoryWrite
    stm32f0xx_hal_i2c.o(i.HAL_I2C_Mem_Write_DMA) refers to stm32f0xx_hal_dma.o(i.HAL_DMA_Start_IT) for HAL_DMA_Start_IT
    stm32f0xx_hal_i2c.o(i.HAL_I2C_Mem_Write_DMA) refers to stm32f0xx_hal_i2c.o(i.I2C_TransferConfig) for I2C_TransferConfig
    stm32f0xx_hal_i2c.o(i.HAL_I2C_Mem_Write_DMA) refers to stm32f0xx_hal_i2c.o(i.I2C_Enable_IRQ) for I2C_Enable_IRQ
    stm32f0xx_hal_i2c.o(i.HAL_I2C_Mem_Write_DMA) refers to stm32f0xx_hal_i2c.o(i.I2C_Master_ISR_DMA) for I2C_Master_ISR_DMA
    stm32f0xx_hal_i2c.o(i.HAL_I2C_Mem_Write_DMA) refers to stm32f0xx_hal_i2c.o(i.I2C_DMAMasterTransmitCplt) for I2C_DMAMasterTransmitCplt
    stm32f0xx_hal_i2c.o(i.HAL_I2C_Mem_Write_DMA) refers to stm32f0xx_hal_i2c.o(i.I2C_DMAError) for I2C_DMAError
    stm32f0xx_hal_i2c.o(i.HAL_I2C_Mem_Write_IT) refers to main.o(i.assert_failed) for assert_failed
    stm32f0xx_hal_i2c.o(i.HAL_I2C_Mem_Write_IT) refers to stm32f0xx_hal.o(i.HAL_GetTick) for HAL_GetTick
    stm32f0xx_hal_i2c.o(i.HAL_I2C_Mem_Write_IT) refers to stm32f0xx_hal_i2c.o(i.I2C_RequestMemoryWrite) for I2C_RequestMemoryWrite
    stm32f0xx_hal_i2c.o(i.HAL_I2C_Mem_Write_IT) refers to stm32f0xx_hal_i2c.o(i.I2C_TransferConfig) for I2C_TransferConfig
    stm32f0xx_hal_i2c.o(i.HAL_I2C_Mem_Write_IT) refers to stm32f0xx_hal_i2c.o(i.I2C_Enable_IRQ) for I2C_Enable_IRQ
    stm32f0xx_hal_i2c.o(i.HAL_I2C_Mem_Write_IT) refers to stm32f0xx_hal_i2c.o(i.I2C_Master_ISR_IT) for I2C_Master_ISR_IT
    stm32f0xx_hal_i2c.o(i.HAL_I2C_Slave_Receive) refers to stm32f0xx_hal.o(i.HAL_GetTick) for HAL_GetTick
    stm32f0xx_hal_i2c.o(i.HAL_I2C_Slave_Receive) refers to stm32f0xx_hal_i2c.o(i.I2C_WaitOnFlagUntilTimeout) for I2C_WaitOnFlagUntilTimeout
    stm32f0xx_hal_i2c.o(i.HAL_I2C_Slave_Receive) refers to stm32f0xx_hal_i2c.o(i.I2C_WaitOnRXNEFlagUntilTimeout) for I2C_WaitOnRXNEFlagUntilTimeout
    stm32f0xx_hal_i2c.o(i.HAL_I2C_Slave_Receive) refers to stm32f0xx_hal_i2c.o(i.I2C_WaitOnSTOPFlagUntilTimeout) for I2C_WaitOnSTOPFlagUntilTimeout
    stm32f0xx_hal_i2c.o(i.HAL_I2C_Slave_Receive_DMA) refers to stm32f0xx_hal_dma.o(i.HAL_DMA_Start_IT) for HAL_DMA_Start_IT
    stm32f0xx_hal_i2c.o(i.HAL_I2C_Slave_Receive_DMA) refers to stm32f0xx_hal_i2c.o(i.I2C_Enable_IRQ) for I2C_Enable_IRQ
    stm32f0xx_hal_i2c.o(i.HAL_I2C_Slave_Receive_DMA) refers to stm32f0xx_hal_i2c.o(i.I2C_Slave_ISR_DMA) for I2C_Slave_ISR_DMA
    stm32f0xx_hal_i2c.o(i.HAL_I2C_Slave_Receive_DMA) refers to stm32f0xx_hal_i2c.o(i.I2C_DMASlaveReceiveCplt) for I2C_DMASlaveReceiveCplt
    stm32f0xx_hal_i2c.o(i.HAL_I2C_Slave_Receive_DMA) refers to stm32f0xx_hal_i2c.o(i.I2C_DMAError) for I2C_DMAError
    stm32f0xx_hal_i2c.o(i.HAL_I2C_Slave_Receive_IT) refers to stm32f0xx_hal_i2c.o(i.I2C_Enable_IRQ) for I2C_Enable_IRQ
    stm32f0xx_hal_i2c.o(i.HAL_I2C_Slave_Receive_IT) refers to stm32f0xx_hal_i2c.o(i.I2C_Slave_ISR_IT) for I2C_Slave_ISR_IT
    stm32f0xx_hal_i2c.o(i.HAL_I2C_Slave_Sequential_Receive_IT) refers to main.o(i.assert_failed) for assert_failed
    stm32f0xx_hal_i2c.o(i.HAL_I2C_Slave_Sequential_Receive_IT) refers to stm32f0xx_hal_i2c.o(i.I2C_Disable_IRQ) for I2C_Disable_IRQ
    stm32f0xx_hal_i2c.o(i.HAL_I2C_Slave_Sequential_Receive_IT) refers to stm32f0xx_hal_i2c.o(i.I2C_Enable_IRQ) for I2C_Enable_IRQ
    stm32f0xx_hal_i2c.o(i.HAL_I2C_Slave_Sequential_Receive_IT) refers to stm32f0xx_hal_i2c.o(i.I2C_Slave_ISR_IT) for I2C_Slave_ISR_IT
    stm32f0xx_hal_i2c.o(i.HAL_I2C_Slave_Sequential_Transmit_IT) refers to main.o(i.assert_failed) for assert_failed
    stm32f0xx_hal_i2c.o(i.HAL_I2C_Slave_Sequential_Transmit_IT) refers to stm32f0xx_hal_i2c.o(i.I2C_Disable_IRQ) for I2C_Disable_IRQ
    stm32f0xx_hal_i2c.o(i.HAL_I2C_Slave_Sequential_Transmit_IT) refers to stm32f0xx_hal_i2c.o(i.I2C_Enable_IRQ) for I2C_Enable_IRQ
    stm32f0xx_hal_i2c.o(i.HAL_I2C_Slave_Sequential_Transmit_IT) refers to stm32f0xx_hal_i2c.o(i.I2C_Slave_ISR_IT) for I2C_Slave_ISR_IT
    stm32f0xx_hal_i2c.o(i.HAL_I2C_Slave_Transmit) refers to stm32f0xx_hal.o(i.HAL_GetTick) for HAL_GetTick
    stm32f0xx_hal_i2c.o(i.HAL_I2C_Slave_Transmit) refers to stm32f0xx_hal_i2c.o(i.I2C_WaitOnFlagUntilTimeout) for I2C_WaitOnFlagUntilTimeout
    stm32f0xx_hal_i2c.o(i.HAL_I2C_Slave_Transmit) refers to stm32f0xx_hal_i2c.o(i.I2C_WaitOnTXISFlagUntilTimeout) for I2C_WaitOnTXISFlagUntilTimeout
    stm32f0xx_hal_i2c.o(i.HAL_I2C_Slave_Transmit) refers to stm32f0xx_hal_i2c.o(i.I2C_WaitOnSTOPFlagUntilTimeout) for I2C_WaitOnSTOPFlagUntilTimeout
    stm32f0xx_hal_i2c.o(i.HAL_I2C_Slave_Transmit_DMA) refers to stm32f0xx_hal_dma.o(i.HAL_DMA_Start_IT) for HAL_DMA_Start_IT
    stm32f0xx_hal_i2c.o(i.HAL_I2C_Slave_Transmit_DMA) refers to stm32f0xx_hal_i2c.o(i.I2C_Enable_IRQ) for I2C_Enable_IRQ
    stm32f0xx_hal_i2c.o(i.HAL_I2C_Slave_Transmit_DMA) refers to stm32f0xx_hal_i2c.o(i.I2C_Slave_ISR_DMA) for I2C_Slave_ISR_DMA
    stm32f0xx_hal_i2c.o(i.HAL_I2C_Slave_Transmit_DMA) refers to stm32f0xx_hal_i2c.o(i.I2C_DMASlaveTransmitCplt) for I2C_DMASlaveTransmitCplt
    stm32f0xx_hal_i2c.o(i.HAL_I2C_Slave_Transmit_DMA) refers to stm32f0xx_hal_i2c.o(i.I2C_DMAError) for I2C_DMAError
    stm32f0xx_hal_i2c.o(i.HAL_I2C_Slave_Transmit_IT) refers to stm32f0xx_hal_i2c.o(i.I2C_Enable_IRQ) for I2C_Enable_IRQ
    stm32f0xx_hal_i2c.o(i.HAL_I2C_Slave_Transmit_IT) refers to stm32f0xx_hal_i2c.o(i.I2C_Slave_ISR_IT) for I2C_Slave_ISR_IT
    stm32f0xx_hal_i2c.o(i.I2C_DMAAbort) refers to stm32f0xx_hal_i2c.o(i.HAL_I2C_AbortCpltCallback) for HAL_I2C_AbortCpltCallback
    stm32f0xx_hal_i2c.o(i.I2C_DMAAbort) refers to stm32f0xx_hal_i2c.o(i.HAL_I2C_ErrorCallback) for HAL_I2C_ErrorCallback
    stm32f0xx_hal_i2c.o(i.I2C_DMAError) refers to stm32f0xx_hal_i2c.o(i.I2C_ITError) for I2C_ITError
    stm32f0xx_hal_i2c.o(i.I2C_DMAMasterReceiveCplt) refers to stm32f0xx_hal_i2c.o(i.I2C_Enable_IRQ) for I2C_Enable_IRQ
    stm32f0xx_hal_i2c.o(i.I2C_DMAMasterReceiveCplt) refers to stm32f0xx_hal_dma.o(i.HAL_DMA_Start_IT) for HAL_DMA_Start_IT
    stm32f0xx_hal_i2c.o(i.I2C_DMAMasterTransmitCplt) refers to stm32f0xx_hal_i2c.o(i.I2C_Enable_IRQ) for I2C_Enable_IRQ
    stm32f0xx_hal_i2c.o(i.I2C_DMAMasterTransmitCplt) refers to stm32f0xx_hal_dma.o(i.HAL_DMA_Start_IT) for HAL_DMA_Start_IT
    stm32f0xx_hal_i2c.o(i.I2C_Enable_IRQ) refers to stm32f0xx_hal_i2c.o(i.I2C_Master_ISR_DMA) for I2C_Master_ISR_DMA
    stm32f0xx_hal_i2c.o(i.I2C_Enable_IRQ) refers to stm32f0xx_hal_i2c.o(i.I2C_Slave_ISR_DMA) for I2C_Slave_ISR_DMA
    stm32f0xx_hal_i2c.o(i.I2C_ITAddrCplt) refers to stm32f0xx_hal_i2c.o(i.HAL_I2C_AddrCallback) for HAL_I2C_AddrCallback
    stm32f0xx_hal_i2c.o(i.I2C_ITAddrCplt) refers to stm32f0xx_hal_i2c.o(i.I2C_Disable_IRQ) for I2C_Disable_IRQ
    stm32f0xx_hal_i2c.o(i.I2C_ITError) refers to stm32f0xx_hal_i2c.o(i.I2C_Disable_IRQ) for I2C_Disable_IRQ
    stm32f0xx_hal_i2c.o(i.I2C_ITError) refers to stm32f0xx_hal_dma.o(i.HAL_DMA_Abort_IT) for HAL_DMA_Abort_IT
    stm32f0xx_hal_i2c.o(i.I2C_ITError) refers to stm32f0xx_hal_i2c.o(i.HAL_I2C_AbortCpltCallback) for HAL_I2C_AbortCpltCallback
    stm32f0xx_hal_i2c.o(i.I2C_ITError) refers to stm32f0xx_hal_i2c.o(i.HAL_I2C_ErrorCallback) for HAL_I2C_ErrorCallback
    stm32f0xx_hal_i2c.o(i.I2C_ITError) refers to stm32f0xx_hal_i2c.o(i.I2C_Slave_ISR_IT) for I2C_Slave_ISR_IT
    stm32f0xx_hal_i2c.o(i.I2C_ITError) refers to stm32f0xx_hal_i2c.o(i.I2C_DMAAbort) for I2C_DMAAbort
    stm32f0xx_hal_i2c.o(i.I2C_ITListenCplt) refers to stm32f0xx_hal_i2c.o(i.I2C_Disable_IRQ) for I2C_Disable_IRQ
    stm32f0xx_hal_i2c.o(i.I2C_ITListenCplt) refers to stm32f0xx_hal_i2c.o(i.HAL_I2C_ListenCpltCallback) for HAL_I2C_ListenCpltCallback
    stm32f0xx_hal_i2c.o(i.I2C_ITMasterCplt) refers to stm32f0xx_hal_i2c.o(i.I2C_Flush_TXDR) for I2C_Flush_TXDR
    stm32f0xx_hal_i2c.o(i.I2C_ITMasterCplt) refers to stm32f0xx_hal_i2c.o(i.I2C_Disable_IRQ) for I2C_Disable_IRQ
    stm32f0xx_hal_i2c.o(i.I2C_ITMasterCplt) refers to stm32f0xx_hal_i2c.o(i.I2C_ITError) for I2C_ITError
    stm32f0xx_hal_i2c.o(i.I2C_ITMasterCplt) refers to stm32f0xx_hal_i2c.o(i.HAL_I2C_MemTxCpltCallback) for HAL_I2C_MemTxCpltCallback
    stm32f0xx_hal_i2c.o(i.I2C_ITMasterCplt) refers to stm32f0xx_hal_i2c.o(i.HAL_I2C_MasterTxCpltCallback) for HAL_I2C_MasterTxCpltCallback
    stm32f0xx_hal_i2c.o(i.I2C_ITMasterCplt) refers to stm32f0xx_hal_i2c.o(i.HAL_I2C_MemRxCpltCallback) for HAL_I2C_MemRxCpltCallback
    stm32f0xx_hal_i2c.o(i.I2C_ITMasterCplt) refers to stm32f0xx_hal_i2c.o(i.HAL_I2C_MasterRxCpltCallback) for HAL_I2C_MasterRxCpltCallback
    stm32f0xx_hal_i2c.o(i.I2C_ITMasterSequentialCplt) refers to stm32f0xx_hal_i2c.o(i.I2C_Disable_IRQ) for I2C_Disable_IRQ
    stm32f0xx_hal_i2c.o(i.I2C_ITMasterSequentialCplt) refers to stm32f0xx_hal_i2c.o(i.HAL_I2C_MasterTxCpltCallback) for HAL_I2C_MasterTxCpltCallback
    stm32f0xx_hal_i2c.o(i.I2C_ITMasterSequentialCplt) refers to stm32f0xx_hal_i2c.o(i.HAL_I2C_MasterRxCpltCallback) for HAL_I2C_MasterRxCpltCallback
    stm32f0xx_hal_i2c.o(i.I2C_ITSlaveCplt) refers to stm32f0xx_hal_i2c.o(i.I2C_Disable_IRQ) for I2C_Disable_IRQ
    stm32f0xx_hal_i2c.o(i.I2C_ITSlaveCplt) refers to stm32f0xx_hal_i2c.o(i.I2C_Flush_TXDR) for I2C_Flush_TXDR
    stm32f0xx_hal_i2c.o(i.I2C_ITSlaveCplt) refers to stm32f0xx_hal_i2c.o(i.I2C_ITError) for I2C_ITError
    stm32f0xx_hal_i2c.o(i.I2C_ITSlaveCplt) refers to stm32f0xx_hal_i2c.o(i.I2C_ITListenCplt) for I2C_ITListenCplt
    stm32f0xx_hal_i2c.o(i.I2C_ITSlaveCplt) refers to stm32f0xx_hal_i2c.o(i.HAL_I2C_ListenCpltCallback) for HAL_I2C_ListenCpltCallback
    stm32f0xx_hal_i2c.o(i.I2C_ITSlaveCplt) refers to stm32f0xx_hal_i2c.o(i.HAL_I2C_SlaveRxCpltCallback) for HAL_I2C_SlaveRxCpltCallback
    stm32f0xx_hal_i2c.o(i.I2C_ITSlaveCplt) refers to stm32f0xx_hal_i2c.o(i.HAL_I2C_SlaveTxCpltCallback) for HAL_I2C_SlaveTxCpltCallback
    stm32f0xx_hal_i2c.o(i.I2C_ITSlaveSequentialCplt) refers to stm32f0xx_hal_i2c.o(i.I2C_Disable_IRQ) for I2C_Disable_IRQ
    stm32f0xx_hal_i2c.o(i.I2C_ITSlaveSequentialCplt) refers to stm32f0xx_hal_i2c.o(i.HAL_I2C_SlaveTxCpltCallback) for HAL_I2C_SlaveTxCpltCallback
    stm32f0xx_hal_i2c.o(i.I2C_ITSlaveSequentialCplt) refers to stm32f0xx_hal_i2c.o(i.HAL_I2C_SlaveRxCpltCallback) for HAL_I2C_SlaveRxCpltCallback
    stm32f0xx_hal_i2c.o(i.I2C_IsAcknowledgeFailed) refers to stm32f0xx_hal.o(i.HAL_GetTick) for HAL_GetTick
    stm32f0xx_hal_i2c.o(i.I2C_IsAcknowledgeFailed) refers to stm32f0xx_hal_i2c.o(i.I2C_Flush_TXDR) for I2C_Flush_TXDR
    stm32f0xx_hal_i2c.o(i.I2C_Master_ISR_DMA) refers to stm32f0xx_hal_i2c.o(i.I2C_Enable_IRQ) for I2C_Enable_IRQ
    stm32f0xx_hal_i2c.o(i.I2C_Master_ISR_DMA) refers to stm32f0xx_hal_i2c.o(i.I2C_Flush_TXDR) for I2C_Flush_TXDR
    stm32f0xx_hal_i2c.o(i.I2C_Master_ISR_DMA) refers to stm32f0xx_hal_i2c.o(i.I2C_TransferConfig) for I2C_TransferConfig
    stm32f0xx_hal_i2c.o(i.I2C_Master_ISR_DMA) refers to stm32f0xx_hal_i2c.o(i.I2C_ITError) for I2C_ITError
    stm32f0xx_hal_i2c.o(i.I2C_Master_ISR_DMA) refers to stm32f0xx_hal_i2c.o(i.I2C_ITMasterCplt) for I2C_ITMasterCplt
    stm32f0xx_hal_i2c.o(i.I2C_Master_ISR_IT) refers to stm32f0xx_hal_i2c.o(i.I2C_Flush_TXDR) for I2C_Flush_TXDR
    stm32f0xx_hal_i2c.o(i.I2C_Master_ISR_IT) refers to stm32f0xx_hal_i2c.o(i.I2C_TransferConfig) for I2C_TransferConfig
    stm32f0xx_hal_i2c.o(i.I2C_Master_ISR_IT) refers to stm32f0xx_hal_i2c.o(i.I2C_ITMasterSequentialCplt) for I2C_ITMasterSequentialCplt
    stm32f0xx_hal_i2c.o(i.I2C_Master_ISR_IT) refers to stm32f0xx_hal_i2c.o(i.I2C_ITError) for I2C_ITError
    stm32f0xx_hal_i2c.o(i.I2C_Master_ISR_IT) refers to stm32f0xx_hal_i2c.o(i.I2C_ITMasterCplt) for I2C_ITMasterCplt
    stm32f0xx_hal_i2c.o(i.I2C_RequestMemoryRead) refers to stm32f0xx_hal_i2c.o(i.I2C_TransferConfig) for I2C_TransferConfig
    stm32f0xx_hal_i2c.o(i.I2C_RequestMemoryRead) refers to stm32f0xx_hal_i2c.o(i.I2C_WaitOnTXISFlagUntilTimeout) for I2C_WaitOnTXISFlagUntilTimeout
    stm32f0xx_hal_i2c.o(i.I2C_RequestMemoryRead) refers to stm32f0xx_hal_i2c.o(i.I2C_WaitOnFlagUntilTimeout) for I2C_WaitOnFlagUntilTimeout
    stm32f0xx_hal_i2c.o(i.I2C_RequestMemoryWrite) refers to stm32f0xx_hal_i2c.o(i.I2C_TransferConfig) for I2C_TransferConfig
    stm32f0xx_hal_i2c.o(i.I2C_RequestMemoryWrite) refers to stm32f0xx_hal_i2c.o(i.I2C_WaitOnTXISFlagUntilTimeout) for I2C_WaitOnTXISFlagUntilTimeout
    stm32f0xx_hal_i2c.o(i.I2C_RequestMemoryWrite) refers to stm32f0xx_hal_i2c.o(i.I2C_WaitOnFlagUntilTimeout) for I2C_WaitOnFlagUntilTimeout
    stm32f0xx_hal_i2c.o(i.I2C_Slave_ISR_DMA) refers to stm32f0xx_hal_i2c.o(i.I2C_ITSlaveCplt) for I2C_ITSlaveCplt
    stm32f0xx_hal_i2c.o(i.I2C_Slave_ISR_IT) refers to stm32f0xx_hal_i2c.o(i.I2C_ITListenCplt) for I2C_ITListenCplt
    stm32f0xx_hal_i2c.o(i.I2C_Slave_ISR_IT) refers to stm32f0xx_hal_i2c.o(i.I2C_Flush_TXDR) for I2C_Flush_TXDR
    stm32f0xx_hal_i2c.o(i.I2C_Slave_ISR_IT) refers to stm32f0xx_hal_i2c.o(i.I2C_ITSlaveSequentialCplt) for I2C_ITSlaveSequentialCplt
    stm32f0xx_hal_i2c.o(i.I2C_Slave_ISR_IT) refers to stm32f0xx_hal_i2c.o(i.I2C_ITAddrCplt) for I2C_ITAddrCplt
    stm32f0xx_hal_i2c.o(i.I2C_Slave_ISR_IT) refers to stm32f0xx_hal_i2c.o(i.I2C_ITSlaveCplt) for I2C_ITSlaveCplt
    stm32f0xx_hal_i2c.o(i.I2C_TransferConfig) refers to main.o(i.assert_failed) for assert_failed
    stm32f0xx_hal_i2c.o(i.I2C_WaitOnFlagUntilTimeout) refers to stm32f0xx_hal.o(i.HAL_GetTick) for HAL_GetTick
    stm32f0xx_hal_i2c.o(i.I2C_WaitOnRXNEFlagUntilTimeout) refers to stm32f0xx_hal_i2c.o(i.I2C_IsAcknowledgeFailed) for I2C_IsAcknowledgeFailed
    stm32f0xx_hal_i2c.o(i.I2C_WaitOnRXNEFlagUntilTimeout) refers to stm32f0xx_hal.o(i.HAL_GetTick) for HAL_GetTick
    stm32f0xx_hal_i2c.o(i.I2C_WaitOnSTOPFlagUntilTimeout) refers to stm32f0xx_hal_i2c.o(i.I2C_IsAcknowledgeFailed) for I2C_IsAcknowledgeFailed
    stm32f0xx_hal_i2c.o(i.I2C_WaitOnSTOPFlagUntilTimeout) refers to stm32f0xx_hal.o(i.HAL_GetTick) for HAL_GetTick
    stm32f0xx_hal_i2c.o(i.I2C_WaitOnTXISFlagUntilTimeout) refers to stm32f0xx_hal_i2c.o(i.I2C_IsAcknowledgeFailed) for I2C_IsAcknowledgeFailed
    stm32f0xx_hal_i2c.o(i.I2C_WaitOnTXISFlagUntilTimeout) refers to stm32f0xx_hal.o(i.HAL_GetTick) for HAL_GetTick
    stm32f0xx_hal_i2c_ex.o(i.HAL_I2CEx_ConfigAnalogFilter) refers to main.o(i.assert_failed) for assert_failed
    stm32f0xx_hal_i2c_ex.o(i.HAL_I2CEx_ConfigDigitalFilter) refers to main.o(i.assert_failed) for assert_failed
    stm32f0xx_hal_i2c_ex.o(i.HAL_I2CEx_DisableFastModePlus) refers to main.o(i.assert_failed) for assert_failed
    stm32f0xx_hal_i2c_ex.o(i.HAL_I2CEx_EnableFastModePlus) refers to main.o(i.assert_failed) for assert_failed
    stm32f0xx_hal_gpio.o(i.HAL_GPIO_DeInit) refers to main.o(i.assert_failed) for assert_failed
    stm32f0xx_hal_gpio.o(i.HAL_GPIO_EXTI_IRQHandler) refers to stm32f0xx_hal_gpio.o(i.HAL_GPIO_EXTI_Callback) for HAL_GPIO_EXTI_Callback
    stm32f0xx_hal_gpio.o(i.HAL_GPIO_Init) refers to main.o(i.assert_failed) for assert_failed
    stm32f0xx_hal_gpio.o(i.HAL_GPIO_LockPin) refers to main.o(i.assert_failed) for assert_failed
    stm32f0xx_hal_gpio.o(i.HAL_GPIO_ReadPin) refers to main.o(i.assert_failed) for assert_failed
    stm32f0xx_hal_gpio.o(i.HAL_GPIO_TogglePin) refers to main.o(i.assert_failed) for assert_failed
    stm32f0xx_hal_gpio.o(i.HAL_GPIO_WritePin) refers to main.o(i.assert_failed) for assert_failed
    stm32f0xx_hal_dma.o(i.DMA_CalcBaseAndBitshift) refers to uidiv.o(.text) for __aeabi_uidivmod
    stm32f0xx_hal_dma.o(i.HAL_DMA_DeInit) refers to main.o(i.assert_failed) for assert_failed
    stm32f0xx_hal_dma.o(i.HAL_DMA_DeInit) refers to stm32f0xx_hal_dma.o(i.DMA_CalcBaseAndBitshift) for DMA_CalcBaseAndBitshift
    stm32f0xx_hal_dma.o(i.HAL_DMA_Init) refers to main.o(i.assert_failed) for assert_failed
    stm32f0xx_hal_dma.o(i.HAL_DMA_Init) refers to stm32f0xx_hal_dma.o(i.DMA_CalcBaseAndBitshift) for DMA_CalcBaseAndBitshift
    stm32f0xx_hal_dma.o(i.HAL_DMA_PollForTransfer) refers to stm32f0xx_hal.o(i.HAL_GetTick) for HAL_GetTick
    stm32f0xx_hal_dma.o(i.HAL_DMA_Start) refers to main.o(i.assert_failed) for assert_failed
    stm32f0xx_hal_dma.o(i.HAL_DMA_Start) refers to stm32f0xx_hal_dma.o(i.DMA_SetConfig) for DMA_SetConfig
    stm32f0xx_hal_dma.o(i.HAL_DMA_Start_IT) refers to main.o(i.assert_failed) for assert_failed
    stm32f0xx_hal_dma.o(i.HAL_DMA_Start_IT) refers to stm32f0xx_hal_dma.o(i.DMA_SetConfig) for DMA_SetConfig
    stm32f0xx_hal_dma.o(i.HAL_DMA_UnRegisterCallback) refers to stm32f0xx_hal_dma.o(i.__ARM_common_switch8) for __ARM_common_switch8
    stm32f0xx_hal_cortex.o(i.HAL_NVIC_ClearPendingIRQ) refers to main.o(i.assert_failed) for assert_failed
    stm32f0xx_hal_cortex.o(i.HAL_NVIC_DisableIRQ) refers to main.o(i.assert_failed) for assert_failed
    stm32f0xx_hal_cortex.o(i.HAL_NVIC_EnableIRQ) refers to main.o(i.assert_failed) for assert_failed
    stm32f0xx_hal_cortex.o(i.HAL_NVIC_GetPendingIRQ) refers to main.o(i.assert_failed) for assert_failed
    stm32f0xx_hal_cortex.o(i.HAL_NVIC_SetPendingIRQ) refers to main.o(i.assert_failed) for assert_failed
    stm32f0xx_hal_cortex.o(i.HAL_NVIC_SetPriority) refers to main.o(i.assert_failed) for assert_failed
    stm32f0xx_hal_cortex.o(i.HAL_NVIC_SetPriority) refers to stm32f0xx_hal_cortex.o(i.NVIC_SetPriority) for NVIC_SetPriority
    stm32f0xx_hal_cortex.o(i.HAL_SYSTICK_CLKSourceConfig) refers to main.o(i.assert_failed) for assert_failed
    stm32f0xx_hal_cortex.o(i.HAL_SYSTICK_Config) refers to stm32f0xx_hal_cortex.o(i.NVIC_SetPriority) for NVIC_SetPriority
    stm32f0xx_hal_cortex.o(i.HAL_SYSTICK_IRQHandler) refers to stm32f0xx_hal_cortex.o(i.HAL_SYSTICK_Callback) for HAL_SYSTICK_Callback
    stm32f0xx_hal_pwr.o(i.HAL_PWR_DisableWakeUpPin) refers to main.o(i.assert_failed) for assert_failed
    stm32f0xx_hal_pwr.o(i.HAL_PWR_EnableWakeUpPin) refers to main.o(i.assert_failed) for assert_failed
    stm32f0xx_hal_pwr.o(i.HAL_PWR_EnterSLEEPMode) refers to main.o(i.assert_failed) for assert_failed
    stm32f0xx_hal_pwr.o(i.HAL_PWR_EnterSTOPMode) refers to main.o(i.assert_failed) for assert_failed
    stm32f0xx_hal_flash.o(i.FLASH_Program_HalfWord) refers to stm32f0xx_hal_flash.o(.bss) for pFlash
    stm32f0xx_hal_flash.o(i.FLASH_SetErrorCode) refers to stm32f0xx_hal_flash.o(.bss) for pFlash
    stm32f0xx_hal_flash.o(i.FLASH_WaitForLastOperation) refers to stm32f0xx_hal.o(i.HAL_GetTick) for HAL_GetTick
    stm32f0xx_hal_flash.o(i.FLASH_WaitForLastOperation) refers to stm32f0xx_hal_flash.o(i.FLASH_SetErrorCode) for FLASH_SetErrorCode
    stm32f0xx_hal_flash.o(i.HAL_FLASH_GetError) refers to stm32f0xx_hal_flash.o(.bss) for pFlash
    stm32f0xx_hal_flash.o(i.HAL_FLASH_IRQHandler) refers to stm32f0xx_hal_flash.o(i.FLASH_SetErrorCode) for FLASH_SetErrorCode
    stm32f0xx_hal_flash.o(i.HAL_FLASH_IRQHandler) refers to stm32f0xx_hal_flash.o(i.HAL_FLASH_OperationErrorCallback) for HAL_FLASH_OperationErrorCallback
    stm32f0xx_hal_flash.o(i.HAL_FLASH_IRQHandler) refers to stm32f0xx_hal_flash.o(i.HAL_FLASH_EndOfOperationCallback) for HAL_FLASH_EndOfOperationCallback
    stm32f0xx_hal_flash.o(i.HAL_FLASH_IRQHandler) refers to stm32f0xx_hal_flash_ex.o(i.FLASH_PageErase) for FLASH_PageErase
    stm32f0xx_hal_flash.o(i.HAL_FLASH_IRQHandler) refers to stm32f0xx_hal_flash.o(i.FLASH_Program_HalfWord) for FLASH_Program_HalfWord
    stm32f0xx_hal_flash.o(i.HAL_FLASH_IRQHandler) refers to stm32f0xx_hal_flash.o(.bss) for pFlash
    stm32f0xx_hal_flash.o(i.HAL_FLASH_OB_Launch) refers to stm32f0xx_hal_flash.o(i.FLASH_WaitForLastOperation) for FLASH_WaitForLastOperation
    stm32f0xx_hal_flash.o(i.HAL_FLASH_Program) refers to main.o(i.assert_failed) for assert_failed
    stm32f0xx_hal_flash.o(i.HAL_FLASH_Program) refers to stm32f0xx_hal_flash.o(i.FLASH_WaitForLastOperation) for FLASH_WaitForLastOperation
    stm32f0xx_hal_flash.o(i.HAL_FLASH_Program) refers to llushr.o(.text) for __aeabi_llsr
    stm32f0xx_hal_flash.o(i.HAL_FLASH_Program) refers to stm32f0xx_hal_flash.o(i.FLASH_Program_HalfWord) for FLASH_Program_HalfWord
    stm32f0xx_hal_flash.o(i.HAL_FLASH_Program) refers to stm32f0xx_hal_flash.o(.bss) for pFlash
    stm32f0xx_hal_flash.o(i.HAL_FLASH_Program_IT) refers to main.o(i.assert_failed) for assert_failed
    stm32f0xx_hal_flash.o(i.HAL_FLASH_Program_IT) refers to stm32f0xx_hal_flash.o(i.FLASH_Program_HalfWord) for FLASH_Program_HalfWord
    stm32f0xx_hal_flash.o(i.HAL_FLASH_Program_IT) refers to stm32f0xx_hal_flash.o(.bss) for pFlash
    stm32f0xx_hal_flash_ex.o(i.FLASH_MassErase) refers to stm32f0xx_hal_flash.o(.bss) for pFlash
    stm32f0xx_hal_flash_ex.o(i.FLASH_OB_DisableWRP) refers to main.o(i.assert_failed) for assert_failed
    stm32f0xx_hal_flash_ex.o(i.FLASH_OB_DisableWRP) refers to stm32f0xx_hal_flash_ex.o(i.FLASH_OB_GetWRP) for FLASH_OB_GetWRP
    stm32f0xx_hal_flash_ex.o(i.FLASH_OB_DisableWRP) refers to stm32f0xx_hal_flash.o(i.FLASH_WaitForLastOperation) for FLASH_WaitForLastOperation
    stm32f0xx_hal_flash_ex.o(i.FLASH_OB_DisableWRP) refers to stm32f0xx_hal_flash_ex.o(i.HAL_FLASHEx_OBErase) for HAL_FLASHEx_OBErase
    stm32f0xx_hal_flash_ex.o(i.FLASH_OB_DisableWRP) refers to stm32f0xx_hal_flash.o(.bss) for pFlash
    stm32f0xx_hal_flash_ex.o(i.FLASH_OB_EnableWRP) refers to main.o(i.assert_failed) for assert_failed
    stm32f0xx_hal_flash_ex.o(i.FLASH_OB_EnableWRP) refers to stm32f0xx_hal_flash_ex.o(i.FLASH_OB_GetWRP) for FLASH_OB_GetWRP
    stm32f0xx_hal_flash_ex.o(i.FLASH_OB_EnableWRP) refers to stm32f0xx_hal_flash.o(i.FLASH_WaitForLastOperation) for FLASH_WaitForLastOperation
    stm32f0xx_hal_flash_ex.o(i.FLASH_OB_EnableWRP) refers to stm32f0xx_hal_flash_ex.o(i.HAL_FLASHEx_OBErase) for HAL_FLASHEx_OBErase
    stm32f0xx_hal_flash_ex.o(i.FLASH_OB_EnableWRP) refers to stm32f0xx_hal_flash.o(.bss) for pFlash
    stm32f0xx_hal_flash_ex.o(i.FLASH_OB_ProgramData) refers to main.o(i.assert_failed) for assert_failed
    stm32f0xx_hal_flash_ex.o(i.FLASH_OB_ProgramData) refers to stm32f0xx_hal_flash.o(i.FLASH_WaitForLastOperation) for FLASH_WaitForLastOperation
    stm32f0xx_hal_flash_ex.o(i.FLASH_OB_ProgramData) refers to stm32f0xx_hal_flash.o(.bss) for pFlash
    stm32f0xx_hal_flash_ex.o(i.FLASH_OB_RDP_LevelConfig) refers to main.o(i.assert_failed) for assert_failed
    stm32f0xx_hal_flash_ex.o(i.FLASH_OB_RDP_LevelConfig) refers to stm32f0xx_hal_flash.o(i.FLASH_WaitForLastOperation) for FLASH_WaitForLastOperation
    stm32f0xx_hal_flash_ex.o(i.FLASH_OB_RDP_LevelConfig) refers to stm32f0xx_hal_flash.o(.bss) for pFlash
    stm32f0xx_hal_flash_ex.o(i.FLASH_OB_UserConfig) refers to main.o(i.assert_failed) for assert_failed
    stm32f0xx_hal_flash_ex.o(i.FLASH_OB_UserConfig) refers to stm32f0xx_hal_flash.o(i.FLASH_WaitForLastOperation) for FLASH_WaitForLastOperation
    stm32f0xx_hal_flash_ex.o(i.FLASH_OB_UserConfig) refers to stm32f0xx_hal_flash.o(.bss) for pFlash
    stm32f0xx_hal_flash_ex.o(i.FLASH_PageErase) refers to stm32f0xx_hal_flash.o(.bss) for pFlash
    stm32f0xx_hal_flash_ex.o(i.HAL_FLASHEx_Erase) refers to main.o(i.assert_failed) for assert_failed
    stm32f0xx_hal_flash_ex.o(i.HAL_FLASHEx_Erase) refers to stm32f0xx_hal_flash.o(i.FLASH_WaitForLastOperation) for FLASH_WaitForLastOperation
    stm32f0xx_hal_flash_ex.o(i.HAL_FLASHEx_Erase) refers to stm32f0xx_hal_flash_ex.o(i.FLASH_MassErase) for FLASH_MassErase
    stm32f0xx_hal_flash_ex.o(i.HAL_FLASHEx_Erase) refers to stm32f0xx_hal_flash_ex.o(i.FLASH_PageErase) for FLASH_PageErase
    stm32f0xx_hal_flash_ex.o(i.HAL_FLASHEx_Erase) refers to stm32f0xx_hal_flash.o(.bss) for pFlash
    stm32f0xx_hal_flash_ex.o(i.HAL_FLASHEx_Erase_IT) refers to main.o(i.assert_failed) for assert_failed
    stm32f0xx_hal_flash_ex.o(i.HAL_FLASHEx_Erase_IT) refers to stm32f0xx_hal_flash_ex.o(i.FLASH_MassErase) for FLASH_MassErase
    stm32f0xx_hal_flash_ex.o(i.HAL_FLASHEx_Erase_IT) refers to stm32f0xx_hal_flash_ex.o(i.FLASH_PageErase) for FLASH_PageErase
    stm32f0xx_hal_flash_ex.o(i.HAL_FLASHEx_Erase_IT) refers to stm32f0xx_hal_flash.o(.bss) for pFlash
    stm32f0xx_hal_flash_ex.o(i.HAL_FLASHEx_OBErase) refers to stm32f0xx_hal_flash_ex.o(i.FLASH_OB_GetRDP) for FLASH_OB_GetRDP
    stm32f0xx_hal_flash_ex.o(i.HAL_FLASHEx_OBErase) refers to stm32f0xx_hal_flash.o(i.FLASH_WaitForLastOperation) for FLASH_WaitForLastOperation
    stm32f0xx_hal_flash_ex.o(i.HAL_FLASHEx_OBErase) refers to stm32f0xx_hal_flash_ex.o(i.FLASH_OB_RDP_LevelConfig) for FLASH_OB_RDP_LevelConfig
    stm32f0xx_hal_flash_ex.o(i.HAL_FLASHEx_OBErase) refers to stm32f0xx_hal_flash.o(.bss) for pFlash
    stm32f0xx_hal_flash_ex.o(i.HAL_FLASHEx_OBGetConfig) refers to stm32f0xx_hal_flash_ex.o(i.FLASH_OB_GetWRP) for FLASH_OB_GetWRP
    stm32f0xx_hal_flash_ex.o(i.HAL_FLASHEx_OBGetConfig) refers to stm32f0xx_hal_flash_ex.o(i.FLASH_OB_GetRDP) for FLASH_OB_GetRDP
    stm32f0xx_hal_flash_ex.o(i.HAL_FLASHEx_OBGetConfig) refers to stm32f0xx_hal_flash_ex.o(i.FLASH_OB_GetUser) for FLASH_OB_GetUser
    stm32f0xx_hal_flash_ex.o(i.HAL_FLASHEx_OBProgram) refers to main.o(i.assert_failed) for assert_failed
    stm32f0xx_hal_flash_ex.o(i.HAL_FLASHEx_OBProgram) refers to stm32f0xx_hal_flash_ex.o(i.FLASH_OB_EnableWRP) for FLASH_OB_EnableWRP
    stm32f0xx_hal_flash_ex.o(i.HAL_FLASHEx_OBProgram) refers to stm32f0xx_hal_flash_ex.o(i.FLASH_OB_DisableWRP) for FLASH_OB_DisableWRP
    stm32f0xx_hal_flash_ex.o(i.HAL_FLASHEx_OBProgram) refers to stm32f0xx_hal_flash_ex.o(i.FLASH_OB_RDP_LevelConfig) for FLASH_OB_RDP_LevelConfig
    stm32f0xx_hal_flash_ex.o(i.HAL_FLASHEx_OBProgram) refers to stm32f0xx_hal_flash_ex.o(i.FLASH_OB_UserConfig) for FLASH_OB_UserConfig
    stm32f0xx_hal_flash_ex.o(i.HAL_FLASHEx_OBProgram) refers to stm32f0xx_hal_flash_ex.o(i.FLASH_OB_ProgramData) for FLASH_OB_ProgramData
    stm32f0xx_hal_flash_ex.o(i.HAL_FLASHEx_OBProgram) refers to stm32f0xx_hal_flash.o(.bss) for pFlash
    system_stm32f0xx.o(i.SystemCoreClockUpdate) refers to uidiv.o(.text) for __aeabi_uidivmod
    system_stm32f0xx.o(i.SystemCoreClockUpdate) refers to system_stm32f0xx.o(.data) for SystemCoreClock
    system_stm32f0xx.o(i.SystemCoreClockUpdate) refers to system_stm32f0xx.o(.constdata) for AHBPrescTable
    entry.o(.ARM.Collect$$$$00000000) refers (Special) to entry10a.o(.ARM.Collect$$$$0000000D) for __rt_final_cpp
    entry.o(.ARM.Collect$$$$00000000) refers (Special) to entry11a.o(.ARM.Collect$$$$0000000F) for __rt_final_exit
    entry.o(.ARM.Collect$$$$00000000) refers (Special) to entry7b.o(.ARM.Collect$$$$00000008) for _main_clock
    entry.o(.ARM.Collect$$$$00000000) refers (Special) to entry8b.o(.ARM.Collect$$$$0000000A) for _main_cpp_init
    entry.o(.ARM.Collect$$$$00000000) refers (Special) to entry9a.o(.ARM.Collect$$$$0000000B) for _main_init
    entry.o(.ARM.Collect$$$$00000000) refers (Special) to entry5.o(.ARM.Collect$$$$00000004) for _main_scatterload
    entry.o(.ARM.Collect$$$$00000000) refers (Special) to entry2.o(.ARM.Collect$$$$00000001) for _main_stk
    entry2.o(.ARM.Collect$$$$00000001) refers to entry2.o(.ARM.Collect$$$$00002712) for __lit__00000000
    entry2.o(.ARM.Collect$$$$00002712) refers to startup_stm32f030xc.o(STACK) for __initial_sp
    entry2.o(__vectab_stack_and_reset_area) refers to startup_stm32f030xc.o(STACK) for __initial_sp
    entry2.o(__vectab_stack_and_reset_area) refers to entry.o(.ARM.Collect$$$$00000000) for __main
    entry5.o(.ARM.Collect$$$$00000004) refers to init.o(.text) for __scatterload
    entry9a.o(.ARM.Collect$$$$0000000B) refers to main.o(i.main) for main
    entry9b.o(.ARM.Collect$$$$0000000C) refers to main.o(i.main) for main
    init.o(.text) refers to entry5.o(.ARM.Collect$$$$00000004) for __main_after_scatterload


==============================================================================

Removing Unused input sections from the image.

    Removing startup_stm32f030xc.o(HEAP), (512 bytes).
    Removing os_core.o(i.OSIntEnter), (36 bytes).
    Removing os_core.o(i.OSSchedLock), (64 bytes).
    Removing os_core.o(i.OSSchedUnlock), (100 bytes).
    Removing os_core.o(i.OSStatInit), (76 bytes).
    Removing os_core.o(i.OSTimeTick), (252 bytes).
    Removing os_core.o(i.OSVersion), (6 bytes).
    Removing os_core.o(i.OS_Dummy), (2 bytes).
    Removing os_core.o(i.OS_EventTaskRdy), (136 bytes).
    Removing os_core.o(i.OS_EventTaskRemove), (44 bytes).
    Removing os_core.o(i.OS_EventTaskWait), (128 bytes).
    Removing os_core.o(i.OS_EventWaitListInit), (28 bytes).
    Removing os_core.o(i.OS_MemCopy), (20 bytes).
    Removing os_core.o(i.OS_StrLen), (20 bytes).
    Removing os_mbox.o(i.OSMboxAccept), (38 bytes).
    Removing os_mbox.o(i.OSMboxCreate), (84 bytes).
    Removing os_mbox.o(i.OSMboxDel), (212 bytes).
    Removing os_mbox.o(i.OSMboxPend), (264 bytes).
    Removing os_mbox.o(i.OSMboxPendAbort), (128 bytes).
    Removing os_mbox.o(i.OSMboxPost), (84 bytes).
    Removing os_mbox.o(i.OSMboxPostOpt), (124 bytes).
    Removing os_mbox.o(i.OSMboxQuery), (78 bytes).
    Removing os_mutex.o(i.OSMutexAccept), (144 bytes).
    Removing os_mutex.o(i.OSMutexCreate), (148 bytes).
    Removing os_mutex.o(i.OSMutexDel), (280 bytes).
    Removing os_mutex.o(i.OSMutexPend), (624 bytes).
    Removing os_mutex.o(i.OSMutexPost), (200 bytes).
    Removing os_mutex.o(i.OSMutexQuery), (116 bytes).
    Removing os_mutex.o(i.OSMutex_RdyAtPrio), (156 bytes).
    Removing os_sem.o(i.OSSemAccept), (44 bytes).
    Removing os_sem.o(i.OSSemCreate), (84 bytes).
    Removing os_sem.o(i.OSSemDel), (212 bytes).
    Removing os_sem.o(i.OSSemPend), (240 bytes).
    Removing os_sem.o(i.OSSemPendAbort), (128 bytes).
    Removing os_sem.o(i.OSSemPost), (92 bytes).
    Removing os_sem.o(i.OSSemQuery), (78 bytes).
    Removing os_sem.o(i.OSSemSet), (66 bytes).
    Removing os_task.o(i.OSTaskChangePrio), (356 bytes).
    Removing os_task.o(i.OSTaskDel), (340 bytes).
    Removing os_task.o(i.OSTaskDelReq), (108 bytes).
    Removing os_task.o(i.OSTaskNameGet), (128 bytes).
    Removing os_task.o(i.OSTaskQuery), (88 bytes).
    Removing os_task.o(i.OSTaskRegGet), (68 bytes).
    Removing os_task.o(i.OSTaskRegSet), (68 bytes).
    Removing os_task.o(i.OSTaskResume), (184 bytes).
    Removing os_task.o(i.OS_TaskReturn), (24 bytes).
    Removing os_time.o(i.OSTimeDlyHMSM), (92 bytes).
    Removing os_time.o(i.OSTimeDlyResume), (192 bytes).
    Removing os_time.o(i.OSTimeGet), (28 bytes).
    Removing os_time.o(i.OSTimeSet), (28 bytes).
    Removing os_cpu_c_1.o(.rev16_text), (4 bytes).
    Removing os_cpu_c_1.o(.revsh_text), (4 bytes).
    Removing os_cpu_c_1.o(i.OSTaskDelHook), (2 bytes).
    Removing os_cpu_c_1.o(i.OSTaskReturnHook), (2 bytes).
    Removing os_cpu_c_1.o(i.OSTimeTickHook), (2 bytes).
    Removing os_cpu_c_1.o(i.OS_CPU_SysTickHandler), (40 bytes).
    Removing os_dbg_1.o(.constdata), (2 bytes).
    Removing main.o(.rev16_text), (4 bytes).
    Removing main.o(.revsh_text), (4 bytes).
    Removing main.o(i.delay_us), (30 bytes).
    Removing stm32f0xx_it.o(.rev16_text), (4 bytes).
    Removing stm32f0xx_it.o(.revsh_text), (4 bytes).
    Removing stm32f0xx_hal_msp.o(.rev16_text), (4 bytes).
    Removing stm32f0xx_hal_msp.o(.revsh_text), (4 bytes).
    Removing stm32f0xx_hal_tim.o(.rev16_text), (4 bytes).
    Removing stm32f0xx_hal_tim.o(.revsh_text), (4 bytes).
    Removing stm32f0xx_hal_tim_ex.o(.rev16_text), (4 bytes).
    Removing stm32f0xx_hal_tim_ex.o(.revsh_text), (4 bytes).
    Removing stm32f0xx_hal_rcc.o(.rev16_text), (4 bytes).
    Removing stm32f0xx_hal_rcc.o(.revsh_text), (4 bytes).
    Removing stm32f0xx_hal_rcc.o(i.HAL_RCC_CSSCallback), (2 bytes).
    Removing stm32f0xx_hal_rcc.o(i.HAL_RCC_DeInit), (88 bytes).
    Removing stm32f0xx_hal_rcc.o(i.HAL_RCC_DisableCSS), (20 bytes).
    Removing stm32f0xx_hal_rcc.o(i.HAL_RCC_EnableCSS), (20 bytes).
    Removing stm32f0xx_hal_rcc.o(i.HAL_RCC_GetClockConfig), (152 bytes).
    Removing stm32f0xx_hal_rcc.o(i.HAL_RCC_GetOscConfig), (320 bytes).
    Removing stm32f0xx_hal_rcc.o(i.HAL_RCC_GetPCLK1Freq), (36 bytes).
    Removing stm32f0xx_hal_rcc.o(i.HAL_RCC_MCOConfig), (328 bytes).
    Removing stm32f0xx_hal_rcc.o(i.HAL_RCC_NMI_IRQHandler), (32 bytes).
    Removing stm32f0xx_hal_rcc_ex.o(.rev16_text), (4 bytes).
    Removing stm32f0xx_hal_rcc_ex.o(.revsh_text), (4 bytes).
    Removing stm32f0xx_hal_rcc_ex.o(i.HAL_RCCEx_GetPeriphCLKConfig), (48 bytes).
    Removing stm32f0xx_hal_rcc_ex.o(i.HAL_RCCEx_GetPeriphCLKFreq), (332 bytes).
    Removing stm32f0xx_hal_rcc_ex.o(i.HAL_RCCEx_PeriphCLKConfig), (520 bytes).
    Removing stm32f0xx_hal.o(.rev16_text), (4 bytes).
    Removing stm32f0xx_hal.o(.revsh_text), (4 bytes).
    Removing stm32f0xx_hal.o(i.HAL_DBGMCU_DisableDBGStandbyMode), (20 bytes).
    Removing stm32f0xx_hal.o(i.HAL_DBGMCU_DisableDBGStopMode), (20 bytes).
    Removing stm32f0xx_hal.o(i.HAL_DBGMCU_EnableDBGStandbyMode), (20 bytes).
    Removing stm32f0xx_hal.o(i.HAL_DBGMCU_EnableDBGStopMode), (20 bytes).
    Removing stm32f0xx_hal.o(i.HAL_DeInit), (44 bytes).
    Removing stm32f0xx_hal.o(i.HAL_Delay), (32 bytes).
    Removing stm32f0xx_hal.o(i.HAL_GetDEVID), (16 bytes).
    Removing stm32f0xx_hal.o(i.HAL_GetHalVersion), (8 bytes).
    Removing stm32f0xx_hal.o(i.HAL_GetREVID), (12 bytes).
    Removing stm32f0xx_hal.o(i.HAL_GetUIDw0), (12 bytes).
    Removing stm32f0xx_hal.o(i.HAL_GetUIDw1), (12 bytes).
    Removing stm32f0xx_hal.o(i.HAL_GetUIDw2), (12 bytes).
    Removing stm32f0xx_hal.o(i.HAL_MspDeInit), (2 bytes).
    Removing stm32f0xx_hal.o(i.HAL_MspInit), (2 bytes).
    Removing stm32f0xx_hal.o(i.HAL_ResumeTick), (20 bytes).
    Removing stm32f0xx_hal.o(i.HAL_SuspendTick), (20 bytes).
    Removing stm32f0xx_hal_i2c.o(.rev16_text), (4 bytes).
    Removing stm32f0xx_hal_i2c.o(.revsh_text), (4 bytes).
    Removing stm32f0xx_hal_i2c.o(i.HAL_I2C_AbortCpltCallback), (2 bytes).
    Removing stm32f0xx_hal_i2c.o(i.HAL_I2C_AddrCallback), (2 bytes).
    Removing stm32f0xx_hal_i2c.o(i.HAL_I2C_DeInit), (160 bytes).
    Removing stm32f0xx_hal_i2c.o(i.HAL_I2C_DisableListen_IT), (60 bytes).
    Removing stm32f0xx_hal_i2c.o(i.HAL_I2C_ER_IRQHandler), (128 bytes).
    Removing stm32f0xx_hal_i2c.o(i.HAL_I2C_EV_IRQHandler), (30 bytes).
    Removing stm32f0xx_hal_i2c.o(i.HAL_I2C_EnableListen_IT), (44 bytes).
    Removing stm32f0xx_hal_i2c.o(i.HAL_I2C_ErrorCallback), (2 bytes).
    Removing stm32f0xx_hal_i2c.o(i.HAL_I2C_GetError), (6 bytes).
    Removing stm32f0xx_hal_i2c.o(i.HAL_I2C_GetMode), (8 bytes).
    Removing stm32f0xx_hal_i2c.o(i.HAL_I2C_GetState), (8 bytes).
    Removing stm32f0xx_hal_i2c.o(i.HAL_I2C_Init), (516 bytes).
    Removing stm32f0xx_hal_i2c.o(i.HAL_I2C_IsDeviceReady), (398 bytes).
    Removing stm32f0xx_hal_i2c.o(i.HAL_I2C_ListenCpltCallback), (2 bytes).
    Removing stm32f0xx_hal_i2c.o(i.HAL_I2C_MasterRxCpltCallback), (2 bytes).
    Removing stm32f0xx_hal_i2c.o(i.HAL_I2C_MasterTxCpltCallback), (2 bytes).
    Removing stm32f0xx_hal_i2c.o(i.HAL_I2C_Master_Abort_IT), (102 bytes).
    Removing stm32f0xx_hal_i2c.o(i.HAL_I2C_Master_Receive), (384 bytes).
    Removing stm32f0xx_hal_i2c.o(i.HAL_I2C_Master_Receive_DMA), (300 bytes).
    Removing stm32f0xx_hal_i2c.o(i.HAL_I2C_Master_Receive_IT), (172 bytes).
    Removing stm32f0xx_hal_i2c.o(i.HAL_I2C_Master_Sequential_Receive_IT), (260 bytes).
    Removing stm32f0xx_hal_i2c.o(i.HAL_I2C_Master_Sequential_Transmit_IT), (256 bytes).
    Removing stm32f0xx_hal_i2c.o(i.HAL_I2C_Master_Transmit), (380 bytes).
    Removing stm32f0xx_hal_i2c.o(i.HAL_I2C_Master_Transmit_DMA), (300 bytes).
    Removing stm32f0xx_hal_i2c.o(i.HAL_I2C_Master_Transmit_IT), (172 bytes).
    Removing stm32f0xx_hal_i2c.o(i.HAL_I2C_MemRxCpltCallback), (2 bytes).
    Removing stm32f0xx_hal_i2c.o(i.HAL_I2C_MemTxCpltCallback), (2 bytes).
    Removing stm32f0xx_hal_i2c.o(i.HAL_I2C_Mem_Read), (536 bytes).
    Removing stm32f0xx_hal_i2c.o(i.HAL_I2C_Mem_Read_DMA), (404 bytes).
    Removing stm32f0xx_hal_i2c.o(i.HAL_I2C_Mem_Read_IT), (332 bytes).
    Removing stm32f0xx_hal_i2c.o(i.HAL_I2C_Mem_Write), (532 bytes).
    Removing stm32f0xx_hal_i2c.o(i.HAL_I2C_Mem_Write_DMA), (404 bytes).
    Removing stm32f0xx_hal_i2c.o(i.HAL_I2C_Mem_Write_IT), (332 bytes).
    Removing stm32f0xx_hal_i2c.o(i.HAL_I2C_MspDeInit), (2 bytes).
    Removing stm32f0xx_hal_i2c.o(i.HAL_I2C_MspInit), (2 bytes).
    Removing stm32f0xx_hal_i2c.o(i.HAL_I2C_SlaveRxCpltCallback), (2 bytes).
    Removing stm32f0xx_hal_i2c.o(i.HAL_I2C_SlaveTxCpltCallback), (2 bytes).
    Removing stm32f0xx_hal_i2c.o(i.HAL_I2C_Slave_Receive), (406 bytes).
    Removing stm32f0xx_hal_i2c.o(i.HAL_I2C_Slave_Receive_DMA), (192 bytes).
    Removing stm32f0xx_hal_i2c.o(i.HAL_I2C_Slave_Receive_IT), (116 bytes).
    Removing stm32f0xx_hal_i2c.o(i.HAL_I2C_Slave_Sequential_Receive_IT), (268 bytes).
    Removing stm32f0xx_hal_i2c.o(i.HAL_I2C_Slave_Sequential_Transmit_IT), (272 bytes).
    Removing stm32f0xx_hal_i2c.o(i.HAL_I2C_Slave_Transmit), (422 bytes).
    Removing stm32f0xx_hal_i2c.o(i.HAL_I2C_Slave_Transmit_DMA), (192 bytes).
    Removing stm32f0xx_hal_i2c.o(i.HAL_I2C_Slave_Transmit_IT), (116 bytes).
    Removing stm32f0xx_hal_i2c.o(i.I2C_DMAAbort), (60 bytes).
    Removing stm32f0xx_hal_i2c.o(i.I2C_DMAError), (30 bytes).
    Removing stm32f0xx_hal_i2c.o(i.I2C_DMAMasterReceiveCplt), (86 bytes).
    Removing stm32f0xx_hal_i2c.o(i.I2C_DMAMasterTransmitCplt), (86 bytes).
    Removing stm32f0xx_hal_i2c.o(i.I2C_DMASlaveReceiveCplt), (2 bytes).
    Removing stm32f0xx_hal_i2c.o(i.I2C_DMASlaveTransmitCplt), (2 bytes).
    Removing stm32f0xx_hal_i2c.o(i.I2C_Disable_IRQ), (126 bytes).
    Removing stm32f0xx_hal_i2c.o(i.I2C_Enable_IRQ), (144 bytes).
    Removing stm32f0xx_hal_i2c.o(i.I2C_Flush_TXDR), (50 bytes).
    Removing stm32f0xx_hal_i2c.o(i.I2C_ITAddrCplt), (214 bytes).
    Removing stm32f0xx_hal_i2c.o(i.I2C_ITError), (280 bytes).
    Removing stm32f0xx_hal_i2c.o(i.I2C_ITListenCplt), (116 bytes).
    Removing stm32f0xx_hal_i2c.o(i.I2C_ITMasterCplt), (236 bytes).
    Removing stm32f0xx_hal_i2c.o(i.I2C_ITMasterSequentialCplt), (98 bytes).
    Removing stm32f0xx_hal_i2c.o(i.I2C_ITSlaveCplt), (316 bytes).
    Removing stm32f0xx_hal_i2c.o(i.I2C_ITSlaveSequentialCplt), (98 bytes).
    Removing stm32f0xx_hal_i2c.o(i.I2C_IsAcknowledgeFailed), (148 bytes).
    Removing stm32f0xx_hal_i2c.o(i.I2C_Master_ISR_DMA), (266 bytes).
    Removing stm32f0xx_hal_i2c.o(i.I2C_Master_ISR_IT), (428 bytes).
    Removing stm32f0xx_hal_i2c.o(i.I2C_RequestMemoryRead), (146 bytes).
    Removing stm32f0xx_hal_i2c.o(i.I2C_RequestMemoryWrite), (146 bytes).
    Removing stm32f0xx_hal_i2c.o(i.I2C_Slave_ISR_DMA), (158 bytes).
    Removing stm32f0xx_hal_i2c.o(i.I2C_Slave_ISR_IT), (352 bytes).
    Removing stm32f0xx_hal_i2c.o(i.I2C_TransferConfig), (220 bytes).
    Removing stm32f0xx_hal_i2c.o(i.I2C_WaitOnFlagUntilTimeout), (82 bytes).
    Removing stm32f0xx_hal_i2c.o(i.I2C_WaitOnRXNEFlagUntilTimeout), (152 bytes).
    Removing stm32f0xx_hal_i2c.o(i.I2C_WaitOnSTOPFlagUntilTimeout), (90 bytes).
    Removing stm32f0xx_hal_i2c.o(i.I2C_WaitOnTXISFlagUntilTimeout), (96 bytes).
    Removing stm32f0xx_hal_i2c_ex.o(.rev16_text), (4 bytes).
    Removing stm32f0xx_hal_i2c_ex.o(.revsh_text), (4 bytes).
    Removing stm32f0xx_hal_i2c_ex.o(i.HAL_I2CEx_ConfigAnalogFilter), (232 bytes).
    Removing stm32f0xx_hal_i2c_ex.o(i.HAL_I2CEx_ConfigDigitalFilter), (224 bytes).
    Removing stm32f0xx_hal_i2c_ex.o(i.HAL_I2CEx_DisableFastModePlus), (228 bytes).
    Removing stm32f0xx_hal_i2c_ex.o(i.HAL_I2CEx_EnableFastModePlus), (228 bytes).
    Removing stm32f0xx_hal_gpio.o(.rev16_text), (4 bytes).
    Removing stm32f0xx_hal_gpio.o(.revsh_text), (4 bytes).
    Removing stm32f0xx_hal_gpio.o(i.HAL_GPIO_DeInit), (416 bytes).
    Removing stm32f0xx_hal_gpio.o(i.HAL_GPIO_EXTI_Callback), (2 bytes).
    Removing stm32f0xx_hal_gpio.o(i.HAL_GPIO_EXTI_IRQHandler), (32 bytes).
    Removing stm32f0xx_hal_gpio.o(i.HAL_GPIO_LockPin), (168 bytes).
    Removing stm32f0xx_hal_gpio.o(i.HAL_GPIO_ReadPin), (112 bytes).
    Removing stm32f0xx_hal_gpio.o(i.HAL_GPIO_TogglePin), (100 bytes).
    Removing stm32f0xx_hal_dma.o(.rev16_text), (4 bytes).
    Removing stm32f0xx_hal_dma.o(.revsh_text), (4 bytes).
    Removing stm32f0xx_hal_dma.o(i.DMA_CalcBaseAndBitshift), (32 bytes).
    Removing stm32f0xx_hal_dma.o(i.DMA_SetConfig), (42 bytes).
    Removing stm32f0xx_hal_dma.o(i.HAL_DMA_Abort), (56 bytes).
    Removing stm32f0xx_hal_dma.o(i.HAL_DMA_Abort_IT), (88 bytes).
    Removing stm32f0xx_hal_dma.o(i.HAL_DMA_DeInit), (200 bytes).
    Removing stm32f0xx_hal_dma.o(i.HAL_DMA_GetError), (6 bytes).
    Removing stm32f0xx_hal_dma.o(i.HAL_DMA_GetState), (8 bytes).
    Removing stm32f0xx_hal_dma.o(i.HAL_DMA_IRQHandler), (240 bytes).
    Removing stm32f0xx_hal_dma.o(i.HAL_DMA_Init), (428 bytes).
    Removing stm32f0xx_hal_dma.o(i.HAL_DMA_PollForTransfer), (236 bytes).
    Removing stm32f0xx_hal_dma.o(i.HAL_DMA_RegisterCallback), (92 bytes).
    Removing stm32f0xx_hal_dma.o(i.HAL_DMA_Start), (192 bytes).
    Removing stm32f0xx_hal_dma.o(i.HAL_DMA_Start_IT), (236 bytes).
    Removing stm32f0xx_hal_dma.o(i.HAL_DMA_UnRegisterCallback), (108 bytes).
    Removing stm32f0xx_hal_cortex.o(.rev16_text), (4 bytes).
    Removing stm32f0xx_hal_cortex.o(.revsh_text), (4 bytes).
    Removing stm32f0xx_hal_cortex.o(i.HAL_NVIC_ClearPendingIRQ), (104 bytes).
    Removing stm32f0xx_hal_cortex.o(i.HAL_NVIC_DisableIRQ), (100 bytes).
    Removing stm32f0xx_hal_cortex.o(i.HAL_NVIC_EnableIRQ), (100 bytes).
    Removing stm32f0xx_hal_cortex.o(i.HAL_NVIC_GetPendingIRQ), (116 bytes).
    Removing stm32f0xx_hal_cortex.o(i.HAL_NVIC_GetPriority), (72 bytes).
    Removing stm32f0xx_hal_cortex.o(i.HAL_NVIC_SetPendingIRQ), (104 bytes).
    Removing stm32f0xx_hal_cortex.o(i.HAL_NVIC_SystemReset), (56 bytes).
    Removing stm32f0xx_hal_cortex.o(i.HAL_SYSTICK_CLKSourceConfig), (120 bytes).
    Removing stm32f0xx_hal_cortex.o(i.HAL_SYSTICK_Callback), (2 bytes).
    Removing stm32f0xx_hal_cortex.o(i.HAL_SYSTICK_IRQHandler), (8 bytes).
    Removing stm32f0xx_hal_pwr.o(.rev16_text), (4 bytes).
    Removing stm32f0xx_hal_pwr.o(.revsh_text), (4 bytes).
    Removing stm32f0xx_hal_pwr.o(i.HAL_PWR_DeInit), (32 bytes).
    Removing stm32f0xx_hal_pwr.o(i.HAL_PWR_DisableBkUpAccess), (20 bytes).
    Removing stm32f0xx_hal_pwr.o(i.HAL_PWR_DisableSEVOnPend), (20 bytes).
    Removing stm32f0xx_hal_pwr.o(i.HAL_PWR_DisableSleepOnExit), (20 bytes).
    Removing stm32f0xx_hal_pwr.o(i.HAL_PWR_DisableWakeUpPin), (128 bytes).
    Removing stm32f0xx_hal_pwr.o(i.HAL_PWR_EnableBkUpAccess), (20 bytes).
    Removing stm32f0xx_hal_pwr.o(i.HAL_PWR_EnableSEVOnPend), (20 bytes).
    Removing stm32f0xx_hal_pwr.o(i.HAL_PWR_EnableSleepOnExit), (20 bytes).
    Removing stm32f0xx_hal_pwr.o(i.HAL_PWR_EnableWakeUpPin), (124 bytes).
    Removing stm32f0xx_hal_pwr.o(i.HAL_PWR_EnterSLEEPMode), (136 bytes).
    Removing stm32f0xx_hal_pwr.o(i.HAL_PWR_EnterSTANDBYMode), (40 bytes).
    Removing stm32f0xx_hal_pwr.o(i.HAL_PWR_EnterSTOPMode), (172 bytes).
    Removing stm32f0xx_hal_pwr_ex.o(.rev16_text), (4 bytes).
    Removing stm32f0xx_hal_pwr_ex.o(.revsh_text), (4 bytes).
    Removing stm32f0xx_hal_flash.o(.rev16_text), (4 bytes).
    Removing stm32f0xx_hal_flash.o(.revsh_text), (4 bytes).
    Removing stm32f0xx_hal_flash.o(i.FLASH_Program_HalfWord), (32 bytes).
    Removing stm32f0xx_hal_flash.o(i.FLASH_SetErrorCode), (72 bytes).
    Removing stm32f0xx_hal_flash.o(i.FLASH_WaitForLastOperation), (104 bytes).
    Removing stm32f0xx_hal_flash.o(i.HAL_FLASH_EndOfOperationCallback), (2 bytes).
    Removing stm32f0xx_hal_flash.o(i.HAL_FLASH_GetError), (12 bytes).
    Removing stm32f0xx_hal_flash.o(i.HAL_FLASH_IRQHandler), (396 bytes).
    Removing stm32f0xx_hal_flash.o(i.HAL_FLASH_Lock), (20 bytes).
    Removing stm32f0xx_hal_flash.o(i.HAL_FLASH_OB_Launch), (32 bytes).
    Removing stm32f0xx_hal_flash.o(i.HAL_FLASH_OB_Lock), (24 bytes).
    Removing stm32f0xx_hal_flash.o(i.HAL_FLASH_OB_Unlock), (48 bytes).
    Removing stm32f0xx_hal_flash.o(i.HAL_FLASH_OperationErrorCallback), (2 bytes).
    Removing stm32f0xx_hal_flash.o(i.HAL_FLASH_Program), (296 bytes).
    Removing stm32f0xx_hal_flash.o(i.HAL_FLASH_Program_IT), (236 bytes).
    Removing stm32f0xx_hal_flash.o(i.HAL_FLASH_Unlock), (44 bytes).
    Removing stm32f0xx_hal_flash.o(.bss), (32 bytes).
    Removing stm32f0xx_hal_flash_ex.o(.rev16_text), (4 bytes).
    Removing stm32f0xx_hal_flash_ex.o(.revsh_text), (4 bytes).
    Removing stm32f0xx_hal_flash_ex.o(i.FLASH_MassErase), (40 bytes).
    Removing stm32f0xx_hal_flash_ex.o(i.FLASH_OB_DisableWRP), (308 bytes).
    Removing stm32f0xx_hal_flash_ex.o(i.FLASH_OB_EnableWRP), (312 bytes).
    Removing stm32f0xx_hal_flash_ex.o(i.FLASH_OB_GetRDP), (36 bytes).
    Removing stm32f0xx_hal_flash_ex.o(i.FLASH_OB_GetUser), (20 bytes).
    Removing stm32f0xx_hal_flash_ex.o(i.FLASH_OB_GetWRP), (12 bytes).
    Removing stm32f0xx_hal_flash_ex.o(i.FLASH_OB_ProgramData), (168 bytes).
    Removing stm32f0xx_hal_flash_ex.o(i.FLASH_OB_RDP_LevelConfig), (212 bytes).
    Removing stm32f0xx_hal_flash_ex.o(i.FLASH_OB_UserConfig), (316 bytes).
    Removing stm32f0xx_hal_flash_ex.o(i.FLASH_PageErase), (44 bytes).
    Removing stm32f0xx_hal_flash_ex.o(i.HAL_FLASHEx_Erase), (316 bytes).
    Removing stm32f0xx_hal_flash_ex.o(i.HAL_FLASHEx_Erase_IT), (256 bytes).
    Removing stm32f0xx_hal_flash_ex.o(i.HAL_FLASHEx_OBErase), (100 bytes).
    Removing stm32f0xx_hal_flash_ex.o(i.HAL_FLASHEx_OBGetConfig), (28 bytes).
    Removing stm32f0xx_hal_flash_ex.o(i.HAL_FLASHEx_OBGetUserData), (40 bytes).
    Removing stm32f0xx_hal_flash_ex.o(i.HAL_FLASHEx_OBProgram), (316 bytes).
    Removing system_stm32f0xx.o(.rev16_text), (4 bytes).
    Removing system_stm32f0xx.o(.revsh_text), (4 bytes).
    Removing system_stm32f0xx.o(i.SystemCoreClockUpdate), (180 bytes).
    Removing stm32f0xx_hal_dma.o(i.__ARM_common_switch8), (28 bytes).

274 unused section(s) (total 30936 bytes) removed from the image.

==============================================================================

Image Symbol Table

    Local Symbols

    Symbol Name                              Value     Ov Type        Size  Object(Section)

    ../Drivers/STM32F0xx_HAL_Driver/Src/stm32f0xx_hal.c 0x00000000   Number         0  stm32f0xx_hal.o ABSOLUTE
    ../Drivers/STM32F0xx_HAL_Driver/Src/stm32f0xx_hal_cortex.c 0x00000000   Number         0  stm32f0xx_hal_cortex.o ABSOLUTE
    ../Drivers/STM32F0xx_HAL_Driver/Src/stm32f0xx_hal_dma.c 0x00000000   Number         0  stm32f0xx_hal_dma.o ABSOLUTE
    ../Drivers/STM32F0xx_HAL_Driver/Src/stm32f0xx_hal_flash.c 0x00000000   Number         0  stm32f0xx_hal_flash.o ABSOLUTE
    ../Drivers/STM32F0xx_HAL_Driver/Src/stm32f0xx_hal_flash_ex.c 0x00000000   Number         0  stm32f0xx_hal_flash_ex.o ABSOLUTE
    ../Drivers/STM32F0xx_HAL_Driver/Src/stm32f0xx_hal_gpio.c 0x00000000   Number         0  stm32f0xx_hal_gpio.o ABSOLUTE
    ../Drivers/STM32F0xx_HAL_Driver/Src/stm32f0xx_hal_i2c.c 0x00000000   Number         0  stm32f0xx_hal_i2c.o ABSOLUTE
    ../Drivers/STM32F0xx_HAL_Driver/Src/stm32f0xx_hal_i2c_ex.c 0x00000000   Number         0  stm32f0xx_hal_i2c_ex.o ABSOLUTE
    ../Drivers/STM32F0xx_HAL_Driver/Src/stm32f0xx_hal_pwr.c 0x00000000   Number         0  stm32f0xx_hal_pwr.o ABSOLUTE
    ../Drivers/STM32F0xx_HAL_Driver/Src/stm32f0xx_hal_pwr_ex.c 0x00000000   Number         0  stm32f0xx_hal_pwr_ex.o ABSOLUTE
    ../Drivers/STM32F0xx_HAL_Driver/Src/stm32f0xx_hal_rcc.c 0x00000000   Number         0  stm32f0xx_hal_rcc.o ABSOLUTE
    ../Drivers/STM32F0xx_HAL_Driver/Src/stm32f0xx_hal_rcc_ex.c 0x00000000   Number         0  stm32f0xx_hal_rcc_ex.o ABSOLUTE
    ../Drivers/STM32F0xx_HAL_Driver/Src/stm32f0xx_hal_tim.c 0x00000000   Number         0  stm32f0xx_hal_tim.o ABSOLUTE
    ../Drivers/STM32F0xx_HAL_Driver/Src/stm32f0xx_hal_tim_ex.c 0x00000000   Number         0  stm32f0xx_hal_tim_ex.o ABSOLUTE
    ../Src/main.c                            0x00000000   Number         0  main.o ABSOLUTE
    ../Src/stm32f0xx_hal_msp.c               0x00000000   Number         0  stm32f0xx_hal_msp.o ABSOLUTE
    ../Src/stm32f0xx_it.c                    0x00000000   Number         0  stm32f0xx_it.o ABSOLUTE
    ../Src/system_stm32f0xx.c                0x00000000   Number         0  system_stm32f0xx.o ABSOLUTE
    ../clib/microlib/division.c              0x00000000   Number         0  uidiv.o ABSOLUTE
    ../clib/microlib/init/entry.s            0x00000000   Number         0  entry10a.o ABSOLUTE
    ../clib/microlib/init/entry.s            0x00000000   Number         0  entry11b.o ABSOLUTE
    ../clib/microlib/init/entry.s            0x00000000   Number         0  entry8b.o ABSOLUTE
    ../clib/microlib/init/entry.s            0x00000000   Number         0  entry8a.o ABSOLUTE
    ../clib/microlib/init/entry.s            0x00000000   Number         0  entry7b.o ABSOLUTE
    ../clib/microlib/init/entry.s            0x00000000   Number         0  entry7a.o ABSOLUTE
    ../clib/microlib/init/entry.s            0x00000000   Number         0  entry5.o ABSOLUTE
    ../clib/microlib/init/entry.s            0x00000000   Number         0  entry2.o ABSOLUTE
    ../clib/microlib/init/entry.s            0x00000000   Number         0  entry9a.o ABSOLUTE
    ../clib/microlib/init/entry.s            0x00000000   Number         0  entry9b.o ABSOLUTE
    ../clib/microlib/init/entry.s            0x00000000   Number         0  entry10b.o ABSOLUTE
    ../clib/microlib/init/entry.s            0x00000000   Number         0  entry.o ABSOLUTE
    ../clib/microlib/init/entry.s            0x00000000   Number         0  entry11a.o ABSOLUTE
    ../clib/microlib/longlong.c              0x00000000   Number         0  llushr.o ABSOLUTE
    ../clib/microlib/string/memset.c         0x00000000   Number         0  memseta.o ABSOLUTE
    ..\Drivers\STM32F0xx_HAL_Driver\Src\stm32f0xx_hal.c 0x00000000   Number         0  stm32f0xx_hal.o ABSOLUTE
    ..\Drivers\STM32F0xx_HAL_Driver\Src\stm32f0xx_hal_cortex.c 0x00000000   Number         0  stm32f0xx_hal_cortex.o ABSOLUTE
    ..\Drivers\STM32F0xx_HAL_Driver\Src\stm32f0xx_hal_dma.c 0x00000000   Number         0  stm32f0xx_hal_dma.o ABSOLUTE
    ..\Drivers\STM32F0xx_HAL_Driver\Src\stm32f0xx_hal_flash.c 0x00000000   Number         0  stm32f0xx_hal_flash.o ABSOLUTE
    ..\Drivers\STM32F0xx_HAL_Driver\Src\stm32f0xx_hal_flash_ex.c 0x00000000   Number         0  stm32f0xx_hal_flash_ex.o ABSOLUTE
    ..\Drivers\STM32F0xx_HAL_Driver\Src\stm32f0xx_hal_gpio.c 0x00000000   Number         0  stm32f0xx_hal_gpio.o ABSOLUTE
    ..\Drivers\STM32F0xx_HAL_Driver\Src\stm32f0xx_hal_i2c.c 0x00000000   Number         0  stm32f0xx_hal_i2c.o ABSOLUTE
    ..\Drivers\STM32F0xx_HAL_Driver\Src\stm32f0xx_hal_i2c_ex.c 0x00000000   Number         0  stm32f0xx_hal_i2c_ex.o ABSOLUTE
    ..\Drivers\STM32F0xx_HAL_Driver\Src\stm32f0xx_hal_pwr.c 0x00000000   Number         0  stm32f0xx_hal_pwr.o ABSOLUTE
    ..\Drivers\STM32F0xx_HAL_Driver\Src\stm32f0xx_hal_pwr_ex.c 0x00000000   Number         0  stm32f0xx_hal_pwr_ex.o ABSOLUTE
    ..\Drivers\STM32F0xx_HAL_Driver\Src\stm32f0xx_hal_rcc.c 0x00000000   Number         0  stm32f0xx_hal_rcc.o ABSOLUTE
    ..\Drivers\STM32F0xx_HAL_Driver\Src\stm32f0xx_hal_rcc_ex.c 0x00000000   Number         0  stm32f0xx_hal_rcc_ex.o ABSOLUTE
    ..\Drivers\STM32F0xx_HAL_Driver\Src\stm32f0xx_hal_tim.c 0x00000000   Number         0  stm32f0xx_hal_tim.o ABSOLUTE
    ..\Drivers\STM32F0xx_HAL_Driver\Src\stm32f0xx_hal_tim_ex.c 0x00000000   Number         0  stm32f0xx_hal_tim_ex.o ABSOLUTE
    ..\Src\main.c                            0x00000000   Number         0  main.o ABSOLUTE
    ..\Src\stm32f0xx_hal_msp.c               0x00000000   Number         0  stm32f0xx_hal_msp.o ABSOLUTE
    ..\Src\stm32f0xx_it.c                    0x00000000   Number         0  stm32f0xx_it.o ABSOLUTE
    ..\Src\system_stm32f0xx.c                0x00000000   Number         0  system_stm32f0xx.o ABSOLUTE
    ..\\uCOS-II\\Ports\\os_cpu_c.c           0x00000000   Number         0  os_cpu_c_1.o ABSOLUTE
    ..\uCOS-II\Ports\os_cpu_a.asm            0x00000000   Number         0  os_cpu_a.o ABSOLUTE
    ..\uCOS-II\Ports\os_cpu_c.c              0x00000000   Number         0  os_cpu_c_1.o ABSOLUTE
    ..\uCOS-II\Ports\os_dbg.c                0x00000000   Number         0  os_dbg_1.o ABSOLUTE
    ..\uCOS-II\Source\os_core.c              0x00000000   Number         0  os_core.o ABSOLUTE
    ..\uCOS-II\Source\os_dbg_r.c             0x00000000   Number         0  os_dbg_r.o ABSOLUTE
    ..\uCOS-II\Source\os_flag.c              0x00000000   Number         0  os_flag.o ABSOLUTE
    ..\uCOS-II\Source\os_mbox.c              0x00000000   Number         0  os_mbox.o ABSOLUTE
    ..\uCOS-II\Source\os_mem.c               0x00000000   Number         0  os_mem.o ABSOLUTE
    ..\uCOS-II\Source\os_mutex.c             0x00000000   Number         0  os_mutex.o ABSOLUTE
    ..\uCOS-II\Source\os_q.c                 0x00000000   Number         0  os_q.o ABSOLUTE
    ..\uCOS-II\Source\os_sem.c               0x00000000   Number         0  os_sem.o ABSOLUTE
    ..\uCOS-II\Source\os_task.c              0x00000000   Number         0  os_task.o ABSOLUTE
    ..\uCOS-II\Source\os_time.c              0x00000000   Number         0  os_time.o ABSOLUTE
    ..\uCOS-II\Source\os_tmr.c               0x00000000   Number         0  os_tmr.o ABSOLUTE
    dc.s                                     0x00000000   Number         0  dc.o ABSOLUTE
    handlers.s                               0x00000000   Number         0  handlers.o ABSOLUTE
    init.s                                   0x00000000   Number         0  init.o ABSOLUTE
    startup_stm32f030xc.s                    0x00000000   Number         0  startup_stm32f030xc.o ABSOLUTE
    RESET                                    0x08000000   Section      184  startup_stm32f030xc.o(RESET)
    .ARM.Collect$$$$00000000                 0x080000b8   Section        0  entry.o(.ARM.Collect$$$$00000000)
    .ARM.Collect$$$$00000001                 0x080000b8   Section        4  entry2.o(.ARM.Collect$$$$00000001)
    .ARM.Collect$$$$00000004                 0x080000bc   Section        4  entry5.o(.ARM.Collect$$$$00000004)
    .ARM.Collect$$$$00000008                 0x080000c0   Section        0  entry7b.o(.ARM.Collect$$$$00000008)
    .ARM.Collect$$$$0000000A                 0x080000c0   Section        0  entry8b.o(.ARM.Collect$$$$0000000A)
    .ARM.Collect$$$$0000000B                 0x080000c0   Section        8  entry9a.o(.ARM.Collect$$$$0000000B)
    .ARM.Collect$$$$0000000D                 0x080000c8   Section        0  entry10a.o(.ARM.Collect$$$$0000000D)
    .ARM.Collect$$$$0000000F                 0x080000c8   Section        0  entry11a.o(.ARM.Collect$$$$0000000F)
    .ARM.Collect$$$$00002712                 0x080000c8   Section        4  entry2.o(.ARM.Collect$$$$00002712)
    __lit__00000000                          0x080000c8   Data           4  entry2.o(.ARM.Collect$$$$00002712)
    .text                                    0x080000cc   Section       28  startup_stm32f030xc.o(.text)
    .text                                    0x080000e8   Section      308  os_cpu_a.o(.text)
    .text                                    0x0800021c   Section        0  uidiv.o(.text)
    .text                                    0x08000248   Section        0  memseta.o(.text)
    .text                                    0x0800026c   Section       36  init.o(.text)
    i.App_Task_LED1                          0x08000290   Section        0  main.o(i.App_Task_LED1)
    App_Task_LED1                            0x08000291   Thumb Code    52  main.o(i.App_Task_LED1)
    i.Error_Handler                          0x080002c8   Section        0  main.o(i.Error_Handler)
    i.HAL_GPIO_Init                          0x080002cc   Section        0  stm32f0xx_hal_gpio.o(i.HAL_GPIO_Init)
    i.HAL_GPIO_WritePin                      0x0800061c   Section        0  stm32f0xx_hal_gpio.o(i.HAL_GPIO_WritePin)
    i.HAL_GetTick                            0x0800069c   Section        0  stm32f0xx_hal.o(i.HAL_GetTick)
    i.HAL_IncTick                            0x080006a8   Section        0  stm32f0xx_hal.o(i.HAL_IncTick)
    i.HAL_Init                               0x080006b8   Section        0  stm32f0xx_hal.o(i.HAL_Init)
    i.HAL_InitTick                           0x080006d8   Section        0  stm32f0xx_hal.o(i.HAL_InitTick)
    i.HAL_MspInit                            0x08000700   Section        0  stm32f0xx_hal_msp.o(i.HAL_MspInit)
    i.HAL_NVIC_SetPriority                   0x08000740   Section        0  stm32f0xx_hal_cortex.o(i.HAL_NVIC_SetPriority)
    i.HAL_RCC_ClockConfig                    0x0800079c   Section        0  stm32f0xx_hal_rcc.o(i.HAL_RCC_ClockConfig)
    i.HAL_RCC_GetHCLKFreq                    0x08000a50   Section        0  stm32f0xx_hal_rcc.o(i.HAL_RCC_GetHCLKFreq)
    i.HAL_RCC_GetSysClockFreq                0x08000a5c   Section        0  stm32f0xx_hal_rcc.o(i.HAL_RCC_GetSysClockFreq)
    i.HAL_RCC_OscConfig                      0x08000b20   Section        0  stm32f0xx_hal_rcc.o(i.HAL_RCC_OscConfig)
    i.HAL_SYSTICK_Config                     0x08001304   Section        0  stm32f0xx_hal_cortex.o(i.HAL_SYSTICK_Config)
    i.HardFault_Handler                      0x0800133c   Section        0  stm32f0xx_it.o(i.HardFault_Handler)
    i.MX_GPIO_Init                           0x08001340   Section        0  main.o(i.MX_GPIO_Init)
    MX_GPIO_Init                             0x08001341   Thumb Code   456  main.o(i.MX_GPIO_Init)
    i.NMI_Handler                            0x08001524   Section        0  stm32f0xx_it.o(i.NMI_Handler)
    i.NVIC_SetPriority                       0x08001528   Section        0  stm32f0xx_hal_cortex.o(i.NVIC_SetPriority)
    NVIC_SetPriority                         0x08001529   Thumb Code   110  stm32f0xx_hal_cortex.o(i.NVIC_SetPriority)
    i.OSInit                                 0x080015a0   Section        0  os_core.o(i.OSInit)
    i.OSInitHookBegin                        0x080015c4   Section        0  os_cpu_c_1.o(i.OSInitHookBegin)
    i.OSInitHookEnd                          0x080015c6   Section        0  os_cpu_c_1.o(i.OSInitHookEnd)
    i.OSIntExit                              0x080015c8   Section        0  os_core.o(i.OSIntExit)
    i.OSStart                                0x08001660   Section        0  os_core.o(i.OSStart)
    i.OSTCBInitHook                          0x080016ac   Section        0  os_cpu_c_1.o(i.OSTCBInitHook)
    i.OSTaskCreate                           0x080016b0   Section        0  os_task.o(i.OSTaskCreate)
    i.OSTaskCreateExt                        0x08001754   Section        0  os_task.o(i.OSTaskCreateExt)
    i.OSTaskCreateHook                       0x08001800   Section        0  os_cpu_c_1.o(i.OSTaskCreateHook)
    i.OSTaskIdleHook                         0x08001802   Section        0  os_cpu_c_1.o(i.OSTaskIdleHook)
    i.OSTaskNameSet                          0x08001804   Section        0  os_task.o(i.OSTaskNameSet)
    i.OSTaskStatHook                         0x08001874   Section        0  os_cpu_c_1.o(i.OSTaskStatHook)
    i.OSTaskStkChk                           0x08001878   Section        0  os_task.o(i.OSTaskStkChk)
    i.OSTaskStkInit                          0x08001904   Section        0  os_cpu_c_1.o(i.OSTaskStkInit)
    i.OSTaskSuspend                          0x080019b4   Section        0  os_task.o(i.OSTaskSuspend)
    i.OSTaskSwHook                           0x08001a5c   Section        0  os_cpu_c_1.o(i.OSTaskSwHook)
    i.OSTimeDly                              0x08001a60   Section        0  os_time.o(i.OSTimeDly)
    i.OS_CPU_SysTickInit                     0x08001ae0   Section        0  os_cpu_c_1.o(i.OS_CPU_SysTickInit)
    i.OS_InitEventList                       0x08001b18   Section        0  os_core.o(i.OS_InitEventList)
    OS_InitEventList                         0x08001b19   Thumb Code    68  os_core.o(i.OS_InitEventList)
    i.OS_InitMisc                            0x08001b64   Section        0  os_core.o(i.OS_InitMisc)
    OS_InitMisc                              0x08001b65   Thumb Code    44  os_core.o(i.OS_InitMisc)
    i.OS_InitRdyList                         0x08001bb8   Section        0  os_core.o(i.OS_InitRdyList)
    OS_InitRdyList                           0x08001bb9   Thumb Code    44  os_core.o(i.OS_InitRdyList)
    i.OS_InitTCBList                         0x08001bfc   Section        0  os_core.o(i.OS_InitTCBList)
    OS_InitTCBList                           0x08001bfd   Thumb Code    88  os_core.o(i.OS_InitTCBList)
    i.OS_InitTaskIdle                        0x08001c68   Section        0  os_core.o(i.OS_InitTaskIdle)
    OS_InitTaskIdle                          0x08001c69   Thumb Code    48  os_core.o(i.OS_InitTaskIdle)
    i.OS_InitTaskStat                        0x08001cb8   Section        0  os_core.o(i.OS_InitTaskStat)
    OS_InitTaskStat                          0x08001cb9   Thumb Code    48  os_core.o(i.OS_InitTaskStat)
    i.OS_MemClr                              0x08001d08   Section        0  os_core.o(i.OS_MemClr)
    i.OS_Sched                               0x08001d1c   Section        0  os_core.o(i.OS_Sched)
    i.OS_SchedNew                            0x08001d94   Section        0  os_core.o(i.OS_SchedNew)
    OS_SchedNew                              0x08001d95   Thumb Code    26  os_core.o(i.OS_SchedNew)
    i.OS_TCBInit                             0x08001dc0   Section        0  os_core.o(i.OS_TCBInit)
    i.OS_TaskIdle                            0x08001efc   Section        0  os_core.o(i.OS_TaskIdle)
    i.OS_TaskStat                            0x08001f24   Section        0  os_core.o(i.OS_TaskStat)
    i.OS_TaskStatStkChk                      0x08001fac   Section        0  os_core.o(i.OS_TaskStatStkChk)
    i.OS_TaskStkClr                          0x08001fec   Section        0  os_task.o(i.OS_TaskStkClr)
    i.PendSV_Handler                         0x0800200a   Section        0  stm32f0xx_it.o(i.PendSV_Handler)
    i.SVC_Handler                            0x0800200c   Section        0  stm32f0xx_it.o(i.SVC_Handler)
    i.SysTick_Handler                        0x0800200e   Section        0  stm32f0xx_it.o(i.SysTick_Handler)
    i.SystemClock_Config                     0x08002016   Section        0  main.o(i.SystemClock_Config)
    i.SystemInit                             0x08002078   Section        0  system_stm32f0xx.o(i.SystemInit)
    i.__scatterload_copy                     0x080020ec   Section       14  handlers.o(i.__scatterload_copy)
    i.__scatterload_null                     0x080020fa   Section        2  handlers.o(i.__scatterload_null)
    i.__scatterload_zeroinit                 0x080020fc   Section       14  handlers.o(i.__scatterload_zeroinit)
    i.assert_failed                          0x0800210a   Section        0  main.o(i.assert_failed)
    i.delay_ms                               0x0800210c   Section        0  main.o(i.delay_ms)
    i.main                                   0x08002130   Section        0  main.o(i.main)
    .constdata                               0x08002168   Section      256  os_core.o(.constdata)
    .constdata                               0x08002268   Section       24  system_stm32f0xx.o(.constdata)
    .data                                    0x20000000   Section       64  os_core.o(.data)
    .data                                    0x20000040   Section        4  stm32f0xx_hal.o(.data)
    .data                                    0x20000044   Section        4  system_stm32f0xx.o(.data)
    .bss                                     0x20000048   Section     3152  os_core.o(.bss)
    .bss                                     0x20000c98   Section      512  main.o(.bss)
    App_Task_LED1_Stk                        0x20000c98   Data         512  main.o(.bss)
    STACK                                    0x20000e98   Section     1024  startup_stm32f030xc.o(STACK)

    Global Symbols

    Symbol Name                              Value     Ov Type        Size  Object(Section)

    BuildAttributes$$THM_ISAv3M$S$PE$A:L22$X:L11$S22$IEEE1$IW$USESV6$~STKCKD$USESV7$~SHL$OSPACE$EBA8$MICROLIB$REQ8$PRES8$EABIv2 0x00000000   Number         0  anon$$obj.o ABSOLUTE
    __ARM_use_no_argv                        0x00000000   Number         0  main.o ABSOLUTE
    __cpp_initialize__aeabi_                  - Undefined Weak Reference
    __cxa_finalize                            - Undefined Weak Reference
    __decompress                              - Undefined Weak Reference
    _clock_init                               - Undefined Weak Reference
    _microlib_exit                            - Undefined Weak Reference
    __Vectors_Size                           0x000000b8   Number         0  startup_stm32f030xc.o ABSOLUTE
    __Vectors                                0x08000000   Data           4  startup_stm32f030xc.o(RESET)
    __Vectors_End                            0x080000b8   Data           0  startup_stm32f030xc.o(RESET)
    __main                                   0x080000b9   Thumb Code     0  entry.o(.ARM.Collect$$$$00000000)
    _main_stk                                0x080000b9   Thumb Code     0  entry2.o(.ARM.Collect$$$$00000001)
    _main_scatterload                        0x080000bd   Thumb Code     0  entry5.o(.ARM.Collect$$$$00000004)
    __main_after_scatterload                 0x080000c1   Thumb Code     0  entry5.o(.ARM.Collect$$$$00000004)
    _main_clock                              0x080000c1   Thumb Code     0  entry7b.o(.ARM.Collect$$$$00000008)
    _main_cpp_init                           0x080000c1   Thumb Code     0  entry8b.o(.ARM.Collect$$$$0000000A)
    _main_init                               0x080000c1   Thumb Code     0  entry9a.o(.ARM.Collect$$$$0000000B)
    __rt_final_cpp                           0x080000c9   Thumb Code     0  entry10a.o(.ARM.Collect$$$$0000000D)
    __rt_final_exit                          0x080000c9   Thumb Code     0  entry11a.o(.ARM.Collect$$$$0000000F)
    Reset_Handler                            0x080000cd   Thumb Code     8  startup_stm32f030xc.o(.text)
    ADC1_IRQHandler                          0x080000df   Thumb Code     0  startup_stm32f030xc.o(.text)
    DMA1_Channel1_IRQHandler                 0x080000df   Thumb Code     0  startup_stm32f030xc.o(.text)
    DMA1_Channel2_3_IRQHandler               0x080000df   Thumb Code     0  startup_stm32f030xc.o(.text)
    DMA1_Channel4_5_IRQHandler               0x080000df   Thumb Code     0  startup_stm32f030xc.o(.text)
    EXTI0_1_IRQHandler                       0x080000df   Thumb Code     0  startup_stm32f030xc.o(.text)
    EXTI2_3_IRQHandler                       0x080000df   Thumb Code     0  startup_stm32f030xc.o(.text)
    EXTI4_15_IRQHandler                      0x080000df   Thumb Code     0  startup_stm32f030xc.o(.text)
    FLASH_IRQHandler                         0x080000df   Thumb Code     0  startup_stm32f030xc.o(.text)
    I2C1_IRQHandler                          0x080000df   Thumb Code     0  startup_stm32f030xc.o(.text)
    I2C2_IRQHandler                          0x080000df   Thumb Code     0  startup_stm32f030xc.o(.text)
    RCC_IRQHandler                           0x080000df   Thumb Code     0  startup_stm32f030xc.o(.text)
    RTC_IRQHandler                           0x080000df   Thumb Code     0  startup_stm32f030xc.o(.text)
    SPI1_IRQHandler                          0x080000df   Thumb Code     0  startup_stm32f030xc.o(.text)
    SPI2_IRQHandler                          0x080000df   Thumb Code     0  startup_stm32f030xc.o(.text)
    TIM14_IRQHandler                         0x080000df   Thumb Code     0  startup_stm32f030xc.o(.text)
    TIM15_IRQHandler                         0x080000df   Thumb Code     0  startup_stm32f030xc.o(.text)
    TIM16_IRQHandler                         0x080000df   Thumb Code     0  startup_stm32f030xc.o(.text)
    TIM17_IRQHandler                         0x080000df   Thumb Code     0  startup_stm32f030xc.o(.text)
    TIM1_BRK_UP_TRG_COM_IRQHandler           0x080000df   Thumb Code     0  startup_stm32f030xc.o(.text)
    TIM1_CC_IRQHandler                       0x080000df   Thumb Code     0  startup_stm32f030xc.o(.text)
    TIM3_IRQHandler                          0x080000df   Thumb Code     0  startup_stm32f030xc.o(.text)
    TIM6_IRQHandler                          0x080000df   Thumb Code     0  startup_stm32f030xc.o(.text)
    TIM7_IRQHandler                          0x080000df   Thumb Code     0  startup_stm32f030xc.o(.text)
    USART1_IRQHandler                        0x080000df   Thumb Code     0  startup_stm32f030xc.o(.text)
    USART2_IRQHandler                        0x080000df   Thumb Code     0  startup_stm32f030xc.o(.text)
    USART3_6_IRQHandler                      0x080000df   Thumb Code     0  startup_stm32f030xc.o(.text)
    WWDG_IRQHandler                          0x080000df   Thumb Code     0  startup_stm32f030xc.o(.text)
    OS_CPU_SR_Save                           0x080000e9   Thumb Code     0  os_cpu_a.o(.text)
    OS_CPU_SR_Restore                        0x080000f1   Thumb Code     0  os_cpu_a.o(.text)
    OSStartHighRdy                           0x080000f7   Thumb Code     0  os_cpu_a.o(.text)
    OSCtxSw                                  0x0800012d   Thumb Code     0  os_cpu_a.o(.text)
    OSIntCtxSw                               0x08000195   Thumb Code     0  os_cpu_a.o(.text)
    __aeabi_uidiv                            0x0800021d   Thumb Code     0  uidiv.o(.text)
    __aeabi_uidivmod                         0x0800021d   Thumb Code    44  uidiv.o(.text)
    __aeabi_memset                           0x08000249   Thumb Code    14  memseta.o(.text)
    __aeabi_memset4                          0x08000249   Thumb Code     0  memseta.o(.text)
    __aeabi_memset8                          0x08000249   Thumb Code     0  memseta.o(.text)
    __aeabi_memclr                           0x08000257   Thumb Code     4  memseta.o(.text)
    __aeabi_memclr4                          0x08000257   Thumb Code     0  memseta.o(.text)
    __aeabi_memclr8                          0x08000257   Thumb Code     0  memseta.o(.text)
    _memset$wrapper                          0x0800025b   Thumb Code    18  memseta.o(.text)
    __scatterload                            0x0800026d   Thumb Code    28  init.o(.text)
    __scatterload_rt2                        0x0800026d   Thumb Code     0  init.o(.text)
    Error_Handler                            0x080002c9   Thumb Code     2  main.o(i.Error_Handler)
    HAL_GPIO_Init                            0x080002cd   Thumb Code   736  stm32f0xx_hal_gpio.o(i.HAL_GPIO_Init)
    HAL_GPIO_WritePin                        0x0800061d   Thumb Code    66  stm32f0xx_hal_gpio.o(i.HAL_GPIO_WritePin)
    HAL_GetTick                              0x0800069d   Thumb Code     6  stm32f0xx_hal.o(i.HAL_GetTick)
    HAL_IncTick                              0x080006a9   Thumb Code    12  stm32f0xx_hal.o(i.HAL_IncTick)
    HAL_Init                                 0x080006b9   Thumb Code    28  stm32f0xx_hal.o(i.HAL_Init)
    HAL_InitTick                             0x080006d9   Thumb Code    38  stm32f0xx_hal.o(i.HAL_InitTick)
    HAL_MspInit                              0x08000701   Thumb Code    60  stm32f0xx_hal_msp.o(i.HAL_MspInit)
    HAL_NVIC_SetPriority                     0x08000741   Thumb Code    32  stm32f0xx_hal_cortex.o(i.HAL_NVIC_SetPriority)
    HAL_RCC_ClockConfig                      0x0800079d   Thumb Code   610  stm32f0xx_hal_rcc.o(i.HAL_RCC_ClockConfig)
    HAL_RCC_GetHCLKFreq                      0x08000a51   Thumb Code     6  stm32f0xx_hal_rcc.o(i.HAL_RCC_GetHCLKFreq)
    HAL_RCC_GetSysClockFreq                  0x08000a5d   Thumb Code   156  stm32f0xx_hal_rcc.o(i.HAL_RCC_GetSysClockFreq)
    HAL_RCC_OscConfig                        0x08000b21   Thumb Code  2002  stm32f0xx_hal_rcc.o(i.HAL_RCC_OscConfig)
    HAL_SYSTICK_Config                       0x08001305   Thumb Code    46  stm32f0xx_hal_cortex.o(i.HAL_SYSTICK_Config)
    HardFault_Handler                        0x0800133d   Thumb Code     4  stm32f0xx_it.o(i.HardFault_Handler)
    NMI_Handler                              0x08001525   Thumb Code     2  stm32f0xx_it.o(i.NMI_Handler)
    OSInit                                   0x080015a1   Thumb Code    36  os_core.o(i.OSInit)
    OSInitHookBegin                          0x080015c5   Thumb Code     2  os_cpu_c_1.o(i.OSInitHookBegin)
    OSInitHookEnd                            0x080015c7   Thumb Code     2  os_cpu_c_1.o(i.OSInitHookEnd)
    OSIntExit                                0x080015c9   Thumb Code   118  os_core.o(i.OSIntExit)
    OSStart                                  0x08001661   Thumb Code    50  os_core.o(i.OSStart)
    OSTCBInitHook                            0x080016ad   Thumb Code     2  os_cpu_c_1.o(i.OSTCBInitHook)
    OSTaskCreate                             0x080016b1   Thumb Code   152  os_task.o(i.OSTaskCreate)
    OSTaskCreateExt                          0x08001755   Thumb Code   160  os_task.o(i.OSTaskCreateExt)
    OSTaskCreateHook                         0x08001801   Thumb Code     2  os_cpu_c_1.o(i.OSTaskCreateHook)
    OSTaskIdleHook                           0x08001803   Thumb Code     2  os_cpu_c_1.o(i.OSTaskIdleHook)
    OSTaskNameSet                            0x08001805   Thumb Code    98  os_task.o(i.OSTaskNameSet)
    OSTaskStatHook                           0x08001875   Thumb Code     2  os_cpu_c_1.o(i.OSTaskStatHook)
    OSTaskStkChk                             0x08001879   Thumb Code   132  os_task.o(i.OSTaskStkChk)
    OSTaskStkInit                            0x08001905   Thumb Code   132  os_cpu_c_1.o(i.OSTaskStkInit)
    OSTaskSuspend                            0x080019b5   Thumb Code   152  os_task.o(i.OSTaskSuspend)
    OSTaskSwHook                             0x08001a5d   Thumb Code     2  os_cpu_c_1.o(i.OSTaskSwHook)
    OSTimeDly                                0x08001a61   Thumb Code   108  os_time.o(i.OSTimeDly)
    OS_CPU_SysTickInit                       0x08001ae1   Thumb Code    48  os_cpu_c_1.o(i.OS_CPU_SysTickInit)
    OS_MemClr                                0x08001d09   Thumb Code    18  os_core.o(i.OS_MemClr)
    OS_Sched                                 0x08001d1d   Thumb Code    92  os_core.o(i.OS_Sched)
    OS_TCBInit                               0x08001dc1   Thumb Code   288  os_core.o(i.OS_TCBInit)
    OS_TaskIdle                              0x08001efd   Thumb Code    34  os_core.o(i.OS_TaskIdle)
    OS_TaskStat                              0x08001f25   Thumb Code   116  os_core.o(i.OS_TaskStat)
    OS_TaskStatStkChk                        0x08001fad   Thumb Code    58  os_core.o(i.OS_TaskStatStkChk)
    OS_TaskStkClr                            0x08001fed   Thumb Code    30  os_task.o(i.OS_TaskStkClr)
    PendSV_Handler                           0x0800200b   Thumb Code     2  stm32f0xx_it.o(i.PendSV_Handler)
    SVC_Handler                              0x0800200d   Thumb Code     2  stm32f0xx_it.o(i.SVC_Handler)
    SysTick_Handler                          0x0800200f   Thumb Code     8  stm32f0xx_it.o(i.SysTick_Handler)
    SystemClock_Config                       0x08002017   Thumb Code    98  main.o(i.SystemClock_Config)
    SystemInit                               0x08002079   Thumb Code   104  system_stm32f0xx.o(i.SystemInit)
    __scatterload_copy                       0x080020ed   Thumb Code    14  handlers.o(i.__scatterload_copy)
    __scatterload_null                       0x080020fb   Thumb Code     2  handlers.o(i.__scatterload_null)
    __scatterload_zeroinit                   0x080020fd   Thumb Code    14  handlers.o(i.__scatterload_zeroinit)
    assert_failed                            0x0800210b   Thumb Code     2  main.o(i.assert_failed)
    delay_ms                                 0x0800210d   Thumb Code    30  main.o(i.delay_ms)
    main                                     0x08002131   Thumb Code    46  main.o(i.main)
    OSUnMapTbl                               0x08002168   Data         256  os_core.o(.constdata)
    AHBPrescTable                            0x08002268   Data          16  system_stm32f0xx.o(.constdata)
    APBPrescTable                            0x08002278   Data           8  system_stm32f0xx.o(.constdata)
    Region$$Table$$Base                      0x08002280   Number         0  anon$$obj.o(Region$$Table)
    Region$$Table$$Limit                     0x080022a0   Number         0  anon$$obj.o(Region$$Table)
    OSCtxSwCtr                               0x20000000   Data           4  os_core.o(.data)
    OSEventFreeList                          0x20000004   Data           4  os_core.o(.data)
    OSCPUUsage                               0x20000008   Data           1  os_core.o(.data)
    OSIdleCtrMax                             0x2000000c   Data           4  os_core.o(.data)
    OSIdleCtrRun                             0x20000010   Data           4  os_core.o(.data)
    OSStatRdy                                0x20000014   Data           1  os_core.o(.data)
    OSIntNesting                             0x20000015   Data           1  os_core.o(.data)
    OSLockNesting                            0x20000016   Data           1  os_core.o(.data)
    OSPrioCur                                0x20000017   Data           1  os_core.o(.data)
    OSPrioHighRdy                            0x20000018   Data           1  os_core.o(.data)
    OSRdyGrp                                 0x20000019   Data           1  os_core.o(.data)
    OSRdyTbl                                 0x2000001a   Data           8  os_core.o(.data)
    OSRunning                                0x20000022   Data           1  os_core.o(.data)
    OSTaskCtr                                0x20000023   Data           1  os_core.o(.data)
    OSIdleCtr                                0x20000024   Data           4  os_core.o(.data)
    OSTCBCur                                 0x20000028   Data           4  os_core.o(.data)
    OSTCBFreeList                            0x2000002c   Data           4  os_core.o(.data)
    OSTCBHighRdy                             0x20000030   Data           4  os_core.o(.data)
    OSTCBList                                0x20000034   Data           4  os_core.o(.data)
    OSTickStepState                          0x20000038   Data           1  os_core.o(.data)
    OSTime                                   0x2000003c   Data           4  os_core.o(.data)
    uwTick                                   0x20000040   Data           4  stm32f0xx_hal.o(.data)
    SystemCoreClock                          0x20000044   Data           4  system_stm32f0xx.o(.data)
    OSEventTbl                               0x20000048   Data         200  os_core.o(.bss)
    OSTaskStatStk                            0x20000110   Data         512  os_core.o(.bss)
    OSTaskIdleStk                            0x20000310   Data         512  os_core.o(.bss)
    OSTCBPrioTbl                             0x20000510   Data         256  os_core.o(.bss)
    OSTCBTbl                                 0x20000610   Data        1672  os_core.o(.bss)
    __initial_sp                             0x20001298   Data           0  startup_stm32f030xc.o(STACK)



==============================================================================

Memory Map of the image

  Image Entry point : 0x080000b9

  Load Region LR_IROM1 (Base: 0x08000000, Size: 0x000022e8, Max: 0x00040000, ABSOLUTE)

    Execution Region ER_IROM1 (Base: 0x08000000, Size: 0x000022a0, Max: 0x00040000, ABSOLUTE)

    Base Addr    Size         Type   Attr      Idx    E Section Name        Object

    0x08000000   0x000000b8   Data   RO            3    RESET               startup_stm32f030xc.o
    0x080000b8   0x00000000   Code   RO         2181  * .ARM.Collect$$$$00000000  mc_p.l(entry.o)
    0x080000b8   0x00000004   Code   RO         2190    .ARM.Collect$$$$00000001  mc_p.l(entry2.o)
    0x080000bc   0x00000004   Code   RO         2193    .ARM.Collect$$$$00000004  mc_p.l(entry5.o)
    0x080000c0   0x00000000   Code   RO         2195    .ARM.Collect$$$$00000008  mc_p.l(entry7b.o)
    0x080000c0   0x00000000   Code   RO         2197    .ARM.Collect$$$$0000000A  mc_p.l(entry8b.o)
    0x080000c0   0x00000008   Code   RO         2198    .ARM.Collect$$$$0000000B  mc_p.l(entry9a.o)
    0x080000c8   0x00000000   Code   RO         2200    .ARM.Collect$$$$0000000D  mc_p.l(entry10a.o)
    0x080000c8   0x00000000   Code   RO         2202    .ARM.Collect$$$$0000000F  mc_p.l(entry11a.o)
    0x080000c8   0x00000004   Code   RO         2191    .ARM.Collect$$$$00002712  mc_p.l(entry2.o)
    0x080000cc   0x0000001c   Code   RO            4    .text               startup_stm32f030xc.o
    0x080000e8   0x00000134   Code   RO          522    .text               os_cpu_a.o
    0x0800021c   0x0000002c   Code   RO         2184    .text               mc_p.l(uidiv.o)
    0x08000248   0x00000024   Code   RO         2188    .text               mc_p.l(memseta.o)
    0x0800026c   0x00000024   Code   RO         2204    .text               mc_p.l(init.o)
    0x08000290   0x00000038   Code   RO          712    i.App_Task_LED1     main.o
    0x080002c8   0x00000002   Code   RO          713    i.Error_Handler     main.o
    0x080002ca   0x00000002   PAD
    0x080002cc   0x00000350   Code   RO         1598    i.HAL_GPIO_Init     stm32f0xx_hal_gpio.o
    0x0800061c   0x00000080   Code   RO         1602    i.HAL_GPIO_WritePin  stm32f0xx_hal_gpio.o
    0x0800069c   0x0000000c   Code   RO         1005    i.HAL_GetTick       stm32f0xx_hal.o
    0x080006a8   0x00000010   Code   RO         1009    i.HAL_IncTick       stm32f0xx_hal.o
    0x080006b8   0x00000020   Code   RO         1010    i.HAL_Init          stm32f0xx_hal.o
    0x080006d8   0x00000026   Code   RO         1011    i.HAL_InitTick      stm32f0xx_hal.o
    0x080006fe   0x00000002   PAD
    0x08000700   0x00000040   Code   RO          824    i.HAL_MspInit       stm32f0xx_hal_msp.o
    0x08000740   0x0000005c   Code   RO         1761    i.HAL_NVIC_SetPriority  stm32f0xx_hal_cortex.o
    0x0800079c   0x000002b4   Code   RO          873    i.HAL_RCC_ClockConfig  stm32f0xx_hal_rcc.o
    0x08000a50   0x0000000c   Code   RO          878    i.HAL_RCC_GetHCLKFreq  stm32f0xx_hal_rcc.o
    0x08000a5c   0x000000c4   Code   RO          881    i.HAL_RCC_GetSysClockFreq  stm32f0xx_hal_rcc.o
    0x08000b20   0x000007e4   Code   RO          884    i.HAL_RCC_OscConfig  stm32f0xx_hal_rcc.o
    0x08001304   0x00000038   Code   RO         1765    i.HAL_SYSTICK_Config  stm32f0xx_hal_cortex.o
    0x0800133c   0x00000004   Code   RO          777    i.HardFault_Handler  stm32f0xx_it.o
    0x08001340   0x000001e4   Code   RO          714    i.MX_GPIO_Init      main.o
    0x08001524   0x00000002   Code   RO          778    i.NMI_Handler       stm32f0xx_it.o
    0x08001526   0x00000002   PAD
    0x08001528   0x00000078   Code   RO         1767    i.NVIC_SetPriority  stm32f0xx_hal_cortex.o
    0x080015a0   0x00000024   Code   RO           10    i.OSInit            os_core.o
    0x080015c4   0x00000002   Code   RO          527    i.OSInitHookBegin   os_cpu_c_1.o
    0x080015c6   0x00000002   Code   RO          528    i.OSInitHookEnd     os_cpu_c_1.o
    0x080015c8   0x00000098   Code   RO           12    i.OSIntExit         os_core.o
    0x08001660   0x0000004c   Code   RO           15    i.OSStart           os_core.o
    0x080016ac   0x00000002   Code   RO          529    i.OSTCBInitHook     os_cpu_c_1.o
    0x080016ae   0x00000002   PAD
    0x080016b0   0x000000a4   Code   RO          379    i.OSTaskCreate      os_task.o
    0x08001754   0x000000ac   Code   RO          380    i.OSTaskCreateExt   os_task.o
    0x08001800   0x00000002   Code   RO          530    i.OSTaskCreateHook  os_cpu_c_1.o
    0x08001802   0x00000002   Code   RO          532    i.OSTaskIdleHook    os_cpu_c_1.o
    0x08001804   0x00000070   Code   RO          384    i.OSTaskNameSet     os_task.o
    0x08001874   0x00000002   Code   RO          534    i.OSTaskStatHook    os_cpu_c_1.o
    0x08001876   0x00000002   PAD
    0x08001878   0x0000008c   Code   RO          389    i.OSTaskStkChk      os_task.o
    0x08001904   0x000000b0   Code   RO          535    i.OSTaskStkInit     os_cpu_c_1.o
    0x080019b4   0x000000a8   Code   RO          390    i.OSTaskSuspend     os_task.o
    0x08001a5c   0x00000002   Code   RO          536    i.OSTaskSwHook      os_cpu_c_1.o
    0x08001a5e   0x00000002   PAD
    0x08001a60   0x00000080   Code   RO          474    i.OSTimeDly         os_time.o
    0x08001ae0   0x00000038   Code   RO          539    i.OS_CPU_SysTickInit  os_cpu_c_1.o
    0x08001b18   0x0000004c   Code   RO           24    i.OS_InitEventList  os_core.o
    0x08001b64   0x00000054   Code   RO           25    i.OS_InitMisc       os_core.o
    0x08001bb8   0x00000044   Code   RO           26    i.OS_InitRdyList    os_core.o
    0x08001bfc   0x0000006c   Code   RO           27    i.OS_InitTCBList    os_core.o
    0x08001c68   0x00000050   Code   RO           28    i.OS_InitTaskIdle   os_core.o
    0x08001cb8   0x00000050   Code   RO           29    i.OS_InitTaskStat   os_core.o
    0x08001d08   0x00000012   Code   RO           30    i.OS_MemClr         os_core.o
    0x08001d1a   0x00000002   PAD
    0x08001d1c   0x00000078   Code   RO           32    i.OS_Sched          os_core.o
    0x08001d94   0x0000002c   Code   RO           33    i.OS_SchedNew       os_core.o
    0x08001dc0   0x0000013c   Code   RO           35    i.OS_TCBInit        os_core.o
    0x08001efc   0x00000028   Code   RO           36    i.OS_TaskIdle       os_core.o
    0x08001f24   0x00000088   Code   RO           37    i.OS_TaskStat       os_core.o
    0x08001fac   0x00000040   Code   RO           38    i.OS_TaskStatStkChk  os_core.o
    0x08001fec   0x0000001e   Code   RO          392    i.OS_TaskStkClr     os_task.o
    0x0800200a   0x00000002   Code   RO          779    i.PendSV_Handler    stm32f0xx_it.o
    0x0800200c   0x00000002   Code   RO          780    i.SVC_Handler       stm32f0xx_it.o
    0x0800200e   0x00000008   Code   RO          781    i.SysTick_Handler   stm32f0xx_it.o
    0x08002016   0x00000062   Code   RO          715    i.SystemClock_Config  main.o
    0x08002078   0x00000074   Code   RO         2151    i.SystemInit        system_stm32f0xx.o
    0x080020ec   0x0000000e   Code   RO         2208    i.__scatterload_copy  mc_p.l(handlers.o)
    0x080020fa   0x00000002   Code   RO         2209    i.__scatterload_null  mc_p.l(handlers.o)
    0x080020fc   0x0000000e   Code   RO         2210    i.__scatterload_zeroinit  mc_p.l(handlers.o)
    0x0800210a   0x00000002   Code   RO          716    i.assert_failed     main.o
    0x0800210c   0x00000024   Code   RO          717    i.delay_ms          main.o
    0x08002130   0x00000038   Code   RO          719    i.main              main.o
    0x08002168   0x00000100   Data   RO           40    .constdata          os_core.o
    0x08002268   0x00000018   Data   RO         2152    .constdata          system_stm32f0xx.o
    0x08002280   0x00000020   Data   RO         2206    Region$$Table       anon$$obj.o


    Execution Region RW_IRAM1 (Base: 0x20000000, Size: 0x00001298, Max: 0x00008000, ABSOLUTE)

    Base Addr    Size         Type   Attr      Idx    E Section Name        Object

    0x20000000   0x00000040   Data   RW           41    .data               os_core.o
    0x20000040   0x00000004   Data   RW         1016    .data               stm32f0xx_hal.o
    0x20000044   0x00000004   Data   RW         2153    .data               system_stm32f0xx.o
    0x20000048   0x00000c50   Zero   RW           39    .bss                os_core.o
    0x20000c98   0x00000200   Zero   RW          720    .bss                main.o
    0x20000e98   0x00000400   Zero   RW            1    STACK               startup_stm32f030xc.o


==============================================================================

Image component sizes


      Code (inc. data)   RO Data    RW Data    ZI Data      Debug   Object Name

       734         48          0          0        512       3971   main.o
      1498        322        256         64       3152      17607   os_core.o
       308         32          0          0          0        376   os_cpu_a.o
       246         52          0          0          0     236859   os_cpu_c_1.o
         0          0          0          0          0       6664   os_flag.o
       786         62          0          0          0       5064   os_task.o
       128         20          0          0          0        588   os_time.o
        28          8        184          0       1024        604   startup_stm32f030xc.o
        98         14          0          4          0       2883   stm32f0xx_hal.o
       268         80          0          0          0       8184   stm32f0xx_hal_cortex.o
       976        174          0          0          0       2308   stm32f0xx_hal_gpio.o
        64          4          0          0          0        746   stm32f0xx_hal_msp.o
      2920        210          0          0          0       4586   stm32f0xx_hal_rcc.o
        18          0          0          0          0       1951   stm32f0xx_it.o
       116         12         24          4          0       1051   system_stm32f0xx.o

    ----------------------------------------------------------------------
      8202       1038        496         72       4688     293442   Object Totals
         0          0         32          0          0          0   (incl. Generated)
        14          0          0          0          0          0   (incl. Padding)

    ----------------------------------------------------------------------

      Code (inc. data)   RO Data    RW Data    ZI Data      Debug   Library Member Name

         0          0          0          0          0          0   entry.o
         0          0          0          0          0          0   entry10a.o
         0          0          0          0          0          0   entry11a.o
         8          4          0          0          0          0   entry2.o
         4          0          0          0          0          0   entry5.o
         0          0          0          0          0          0   entry7b.o
         0          0          0          0          0          0   entry8b.o
         8          4          0          0          0          0   entry9a.o
        30          0          0          0          0          0   handlers.o
        36          8          0          0          0         68   init.o
        36          0          0          0          0        100   memseta.o
        44          0          0          0          0         72   uidiv.o

    ----------------------------------------------------------------------
       166         16          0          0          0        240   Library Totals
         0          0          0          0          0          0   (incl. Padding)

    ----------------------------------------------------------------------

      Code (inc. data)   RO Data    RW Data    ZI Data      Debug   Library Name

       166         16          0          0          0        240   mc_p.l

    ----------------------------------------------------------------------
       166         16          0          0          0        240   Library Totals

    ----------------------------------------------------------------------

==============================================================================


      Code (inc. data)   RO Data    RW Data    ZI Data      Debug   

      8368       1054        496         72       4688     291458   Grand Totals
      8368       1054        496         72       4688     291458   ELF Image Totals
      8368       1054        496         72          0          0   ROM Totals

==============================================================================

    Total RO  Size (Code + RO Data)                 8864 (   8.66kB)
    Total RW  Size (RW Data + ZI Data)              4760 (   4.65kB)
    Total ROM Size (Code + RO Data + RW Data)       8936 (   8.73kB)

==============================================================================

